3.14.159.26 - - [24/Oct/2025:00:00:15 +0000] "GET /login HTTP/1.1" 200 252 "-" "curl/7.68.0"
104.23.19.5 - - [24/Oct/2025:00:00:32 +0000] "GET /assets/css/style.css HTTP/1.1" 200 4740 "-" "python-requests/2.25.1"
192.0.2.19 - - [24/Oct/2025:00:00:55 +0000] "GET /api/v1/user HTTP/1.1" 200 3902 "-" "Mozilla/5.0 (Macintosh; Intel Mac OS X 10_15_7)"
198.51.100.23 - - [24/Oct/2025:00:01:09 +0000] "GET /about HTTP/1.1" 200 1108 "-" "Mozilla/5.0 (X11; Ubuntu; Linux x86_64)"
203.0.113.45 - - [24/Oct/2025:00:01:26 +0000] "GET /api/v1/user HTTP/1.1" 302 1032 "-" "curl/7.68.0"
10.0.0.5 - - [24/Oct/2025:00:01:33 +0000] "GET /api/v1/user HTTP/1.1" 404 2385 "-" "Mozilla/5.0 (X11; Ubuntu; Linux x86_64)"
54.210.11.5 - - [24/Oct/2025:00:01:46 +0000] "GET /contact HTTP/1.1" 404 1834 "-" "Mozilla/5.0 (Macintosh; Intel Mac OS X 10_15_7)"
192.0.2.19 - - [24/Oct/2025:00:02:15 +0000] "GET /api/v1/user HTTP/1.1" 200 3303 "-" "Wget/1.20.3 (linux-gnu)"
192.0.2.19 - - [24/Oct/2025:00:02:20 +0000] "GET /products HTTP/1.1" 200 1117 "-" "python-requests/2.25.1"
203.0.113.45 - - [24/Oct/2025:00:02:21 +0000] "GET /assets/css/style.css HTTP/1.1" 200 1863 "-" "curl/7.68.0"
203.0.113.45 - - [24/Oct/2025:00:02:22 +0000] "GET /about HTTP/1.1" 200 343 "-" "python-requests/2.25.1"
104.23.19.5 - - [24/Oct/2025:00:02:25 +0000] "GET /assets/js/app.js HTTP/1.1" 404 3641 "-" "Mozilla/5.0 (Windows NT 10.0; Win64; x64)"
10.0.0.5 - - [24/Oct/2025:00:02:38 +0000] "GET /home HTTP/1.1" 302 1390 "-" "Mozilla/5.0 (X11; Ubuntu; Linux x86_64)"
192.0.2.19 - - [24/Oct/2025:00:02:58 +0000] "GET /index.html HTTP/1.1" 200 1423 "-" "Mozilla/5.0 (Macintosh; Intel Mac OS X 10_15_7)"
192.0.2.19 - - [24/Oct/2025:00:03:07 +0000] "GET /home HTTP/1.1" 404 3496 "-" "Mozilla/5.0 (X11; Ubuntu; Linux x86_64)"
192.0.2.19 - - [24/Oct/2025:00:03:13 +0000] "GET /contact HTTP/1.1" 404 4476 "-" "python-requests/2.25.1"
203.0.113.45 - - [24/Oct/2025:00:03:32 +0000] "GET /contact HTTP/1.1" 200 4985 "-" "curl/7.68.0"
10.0.0.5 - - [24/Oct/2025:00:03:47 +0000] "GET /api/v1/user HTTP/1.1" 200 4905 "-" "Mozilla/5.0 (Macintosh; Intel Mac OS X 10_15_7)"
172.16.0.9 - - [24/Oct/2025:00:03:48 +0000] "GET /assets/css/style.css HTTP/1.1" 200 3751 "-" "Mozilla/5.0 (Windows NT 10.0; Win64; x64)"
10.0.0.5 - - [24/Oct/2025:00:03:55 +0000] "GET /api/v1/order HTTP/1.1" 200 927 "-" "curl/7.68.0"
54.210.11.5 - - [24/Oct/2025:00:04:16 +0000] "GET /home HTTP/1.1" 200 651 "-" "Mozilla/5.0 (Windows NT 10.0; Win64; x64)"
172.16.0.9 - - [24/Oct/2025:00:04:29 +0000] "GET /api/v1/order HTTP/1.1" 200 2233 "-" "python-requests/2.25.1"
203.0.113.45 - - [24/Oct/2025:00:04:53 +0000] "GET /api/v1/user HTTP/1.1" 200 984 "-" "Wget/1.20.3 (linux-gnu)"
3.14.159.26 - - [24/Oct/2025:00:05:10 +0000] "GET /assets/js/app.js HTTP/1.1" 200 2578 "-" "Mozilla/5.0 (X11; Ubuntu; Linux x86_64)"
54.210.11.5 - - [24/Oct/2025:00:05:33 +0000] "GET /index.html HTTP/1.1" 200 1615 "-" "curl/7.68.0"
203.0.113.45 - - [24/Oct/2025:00:05:39 +0000] "GET /assets/css/style.css HTTP/1.1" 200 599 "-" "Mozilla/5.0 (Windows NT 10.0; Win64; x64)"
10.0.0.5 - - [24/Oct/2025:00:05:54 +0000] "GET /api/v1/user HTTP/1.1" 200 321 "-" "curl/7.68.0"
198.51.100.23 - - [24/Oct/2025:00:06:04 +0000] "GET /api/v1/order HTTP/1.1" 200 1324 "-" "Mozilla/5.0 (Windows NT 10.0; Win64; x64)"
54.210.11.5 - - [24/Oct/2025:00:06:28 +0000] "GET /home HTTP/1.1" 200 3897 "-" "Mozilla/5.0 (X11; Ubuntu; Linux x86_64)"
172.16.0.9 - - [24/Oct/2025:00:06:51 +0000] "GET /assets/css/style.css HTTP/1.1" 404 1585 "-" "Mozilla/5.0 (Macintosh; Intel Mac OS X 10_15_7)"
54.210.11.5 - - [24/Oct/2025:00:07:14 +0000] "GET /assets/css/style.css HTTP/1.1" 404 4250 "-" "curl/7.68.0"
192.0.2.19 - - [24/Oct/2025:00:07:18 +0000] "GET /login HTTP/1.1" 200 1619 "-" "Mozilla/5.0 (Macintosh; Intel Mac OS X 10_15_7)"
203.0.113.45 - - [24/Oct/2025:00:07:45 +0000] "GET /about HTTP/1.1" 302 2021 "-" "Mozilla/5.0 (Windows NT 10.0; Win64; x64)"
198.51.100.23 - - [24/Oct/2025:00:07:52 +0000] "GET /api/v1/order HTTP/1.1" 200 4781 "-" "python-requests/2.25.1"
203.0.113.45 - - [24/Oct/2025:00:08:05 +0000] "GET /about HTTP/1.1" 200 2349 "-" "python-requests/2.25.1"
192.0.2.19 - - [24/Oct/2025:00:08:08 +0000] "GET /assets/css/style.css HTTP/1.1" 500 3769 "-" "python-requests/2.25.1"
203.0.113.45 - - [24/Oct/2025:00:08:18 +0000] "GET /assets/css/style.css HTTP/1.1" 200 2660 "-" "Mozilla/5.0 (Windows NT 10.0; Win64; x64)"
10.0.0.5 - - [24/Oct/2025:00:08:42 +0000] "GET /about HTTP/1.1" 200 4227 "-" "Wget/1.20.3 (linux-gnu)"
104.23.19.5 - - [24/Oct/2025:00:08:44 +0000] "GET /index.html HTTP/1.1" 200 439 "-" "curl/7.68.0"
104.23.19.5 - - [24/Oct/2025:00:08:52 +0000] "GET /products HTTP/1.1" 200 4895 "-" "python-requests/2.25.1"
10.0.0.5 - - [24/Oct/2025:00:09:08 +0000] "GET /index.html HTTP/1.1" 200 893 "-" "python-requests/2.25.1"
172.16.0.9 - - [24/Oct/2025:00:09:10 +0000] "GET /api/v1/user HTTP/1.1" 200 861 "-" "Mozilla/5.0 (X11; Ubuntu; Linux x86_64)"
198.51.100.23 - - [24/Oct/2025:00:09:12 +0000] "GET /home HTTP/1.1" 200 3106 "-" "python-requests/2.25.1"
104.23.19.5 - - [24/Oct/2025:00:09:28 +0000] "GET /index.html HTTP/1.1" 302 816 "-" "curl/7.68.0"
3.14.159.26 - - [24/Oct/2025:00:09:31 +0000] "GET /index.html HTTP/1.1" 200 3879 "-" "python-requests/2.25.1"
172.16.0.9 - - [24/Oct/2025:00:09:36 +0000] "GET /api/v1/order HTTP/1.1" 404 1070 "-" "curl/7.68.0"
10.0.0.5 - - [24/Oct/2025:00:09:58 +0000] "GET /api/v1/order HTTP/1.1" 302 1774 "-" "Mozilla/5.0 (X11; Ubuntu; Linux x86_64)"
203.0.113.45 - - [24/Oct/2025:00:10:02 +0000] "GET /index.html HTTP/1.1" 200 876 "-" "curl/7.68.0"
192.0.2.19 - - [24/Oct/2025:00:10:06 +0000] "GET /api/v1/order HTTP/1.1" 200 1843 "-" "curl/7.68.0"
203.0.113.45 - - [24/Oct/2025:00:10:34 +0000] "GET /products HTTP/1.1" 200 4442 "-" "Mozilla/5.0 (Macintosh; Intel Mac OS X 10_15_7)"
192.0.2.19 - - [24/Oct/2025:00:10:41 +0000] "GET /api/v1/order HTTP/1.1" 200 382 "-" "Mozilla/5.0 (Windows NT 10.0; Win64; x64)"
172.16.0.9 - - [24/Oct/2025:00:10:58 +0000] "GET /index.html HTTP/1.1" 404 4095 "-" "curl/7.68.0"
10.0.0.5 - - [24/Oct/2025:00:11:18 +0000] "GET /index.html HTTP/1.1" 200 1283 "-" "curl/7.68.0"
198.51.100.23 - - [24/Oct/2025:00:11:20 +0000] "GET /contact HTTP/1.1" 302 3503 "-" "Mozilla/5.0 (Windows NT 10.0; Win64; x64)"
54.210.11.5 - - [24/Oct/2025:00:11:49 +0000] "GET /home HTTP/1.1" 200 3798 "-" "Mozilla/5.0 (X11; Ubuntu; Linux x86_64)"
3.14.159.26 - - [24/Oct/2025:00:12:03 +0000] "GET /api/v1/order HTTP/1.1" 200 3469 "-" "Wget/1.20.3 (linux-gnu)"
203.0.113.45 - - [24/Oct/2025:00:12:10 +0000] "GET /login HTTP/1.1" 200 4022 "-" "python-requests/2.25.1"
104.23.19.5 - - [24/Oct/2025:00:12:40 +0000] "GET /api/v1/order HTTP/1.1" 200 2899 "-" "Wget/1.20.3 (linux-gnu)"
3.14.159.26 - - [24/Oct/2025:00:12:42 +0000] "GET /home HTTP/1.1" 200 4655 "-" "Mozilla/5.0 (Windows NT 10.0; Win64; x64)"
10.0.0.5 - - [24/Oct/2025:00:12:49 +0000] "GET /contact HTTP/1.1" 200 1327 "-" "Mozilla/5.0 (Macintosh; Intel Mac OS X 10_15_7)"
3.14.159.26 - - [24/Oct/2025:00:12:52 +0000] "GET /api/v1/order HTTP/1.1" 500 3352 "-" "Mozilla/5.0 (X11; Ubuntu; Linux x86_64)"
3.14.159.26 - - [24/Oct/2025:00:13:15 +0000] "GET /home HTTP/1.1" 200 4725 "-" "Wget/1.20.3 (linux-gnu)"
10.0.0.5 - - [24/Oct/2025:00:13:31 +0000] "GET /contact HTTP/1.1" 302 4411 "-" "python-requests/2.25.1"
104.23.19.5 - - [24/Oct/2025:00:13:35 +0000] "GET /index.html HTTP/1.1" 200 4570 "-" "Mozilla/5.0 (X11; Ubuntu; Linux x86_64)"
10.0.0.5 - - [24/Oct/2025:00:13:38 +0000] "GET /index.html HTTP/1.1" 500 2777 "-" "Mozilla/5.0 (Windows NT 10.0; Win64; x64)"
198.51.100.23 - - [24/Oct/2025:00:13:41 +0000] "GET /contact HTTP/1.1" 200 986 "-" "python-requests/2.25.1"
172.16.0.9 - - [24/Oct/2025:00:14:08 +0000] "GET /api/v1/user HTTP/1.1" 200 4346 "-" "Mozilla/5.0 (X11; Ubuntu; Linux x86_64)"
3.14.159.26 - - [24/Oct/2025:00:14:25 +0000] "GET /contact HTTP/1.1" 404 1854 "-" "curl/7.68.0"
172.16.0.9 - - [24/Oct/2025:00:14:55 +0000] "GET /assets/css/style.css HTTP/1.1" 200 1659 "-" "python-requests/2.25.1"
192.0.2.19 - - [24/Oct/2025:00:15:01 +0000] "GET /login HTTP/1.1" 200 364 "-" "curl/7.68.0"
172.16.0.9 - - [24/Oct/2025:00:15:17 +0000] "GET /home HTTP/1.1" 200 1377 "-" "python-requests/2.25.1"
104.23.19.5 - - [24/Oct/2025:00:15:32 +0000] "GET /products HTTP/1.1" 200 1401 "-" "Mozilla/5.0 (Macintosh; Intel Mac OS X 10_15_7)"
3.14.159.26 - - [24/Oct/2025:00:15:54 +0000] "GET /assets/css/style.css HTTP/1.1" 200 2482 "-" "curl/7.68.0"
198.51.100.23 - - [24/Oct/2025:00:15:55 +0000] "GET /assets/js/app.js HTTP/1.1" 302 991 "-" "Wget/1.20.3 (linux-gnu)"
3.14.159.26 - - [24/Oct/2025:00:16:00 +0000] "GET /products HTTP/1.1" 302 1300 "-" "Wget/1.20.3 (linux-gnu)"
10.0.0.5 - - [24/Oct/2025:00:16:07 +0000] "GET /assets/css/style.css HTTP/1.1" 200 4745 "-" "Mozilla/5.0 (Windows NT 10.0; Win64; x64)"
3.14.159.26 - - [24/Oct/2025:00:16:37 +0000] "GET /api/v1/order HTTP/1.1" 200 3250 "-" "Wget/1.20.3 (linux-gnu)"
104.23.19.5 - - [24/Oct/2025:00:17:06 +0000] "GET /api/v1/user HTTP/1.1" 200 1762 "-" "python-requests/2.25.1"
198.51.100.23 - - [24/Oct/2025:00:17:10 +0000] "GET /assets/css/style.css HTTP/1.1" 200 3105 "-" "curl/7.68.0"
10.0.0.5 - - [24/Oct/2025:00:17:39 +0000] "GET /api/v1/order HTTP/1.1" 500 1726 "-" "python-requests/2.25.1"
3.14.159.26 - - [24/Oct/2025:00:17:40 +0000] "GET /products HTTP/1.1" 500 1619 "-" "Mozilla/5.0 (Windows NT 10.0; Win64; x64)"
10.0.0.5 - - [24/Oct/2025:00:17:42 +0000] "GET /contact HTTP/1.1" 200 1263 "-" "curl/7.68.0"
172.16.0.9 - - [24/Oct/2025:00:17:52 +0000] "GET /index.html HTTP/1.1" 200 2210 "-" "Wget/1.20.3 (linux-gnu)"
192.0.2.19 - - [24/Oct/2025:00:18:07 +0000] "GET /contact HTTP/1.1" 200 1378 "-" "python-requests/2.25.1"
10.0.0.5 - - [24/Oct/2025:00:18:30 +0000] "GET /assets/js/app.js HTTP/1.1" 404 3324 "-" "python-requests/2.25.1"
172.16.0.9 - - [24/Oct/2025:00:18:35 +0000] "GET /index.html HTTP/1.1" 500 3450 "-" "Mozilla/5.0 (X11; Ubuntu; Linux x86_64)"
172.16.0.9 - - [24/Oct/2025:00:18:45 +0000] "GET /api/v1/order HTTP/1.1" 302 974 "-" "python-requests/2.25.1"
54.210.11.5 - - [24/Oct/2025:00:19:01 +0000] "GET /login HTTP/1.1" 200 3041 "-" "python-requests/2.25.1"
10.0.0.5 - - [24/Oct/2025:00:19:02 +0000] "GET /index.html HTTP/1.1" 200 3996 "-" "curl/7.68.0"
203.0.113.45 - - [24/Oct/2025:00:19:32 +0000] "GET /products HTTP/1.1" 404 1822 "-" "Wget/1.20.3 (linux-gnu)"
203.0.113.45 - - [24/Oct/2025:00:19:56 +0000] "GET /login HTTP/1.1" 200 2047 "-" "Mozilla/5.0 (Windows NT 10.0; Win64; x64)"
172.16.0.9 - - [24/Oct/2025:00:20:02 +0000] "GET /login HTTP/1.1" 200 3052 "-" "curl/7.68.0"
198.51.100.23 - - [24/Oct/2025:00:20:20 +0000] "GET /assets/js/app.js HTTP/1.1" 200 1290 "-" "Mozilla/5.0 (Macintosh; Intel Mac OS X 10_15_7)"
203.0.113.45 - - [24/Oct/2025:00:20:27 +0000] "GET /index.html HTTP/1.1" 200 2316 "-" "Mozilla/5.0 (Macintosh; Intel Mac OS X 10_15_7)"
3.14.159.26 - - [24/Oct/2025:00:20:42 +0000] "GET /contact HTTP/1.1" 200 818 "-" "Mozilla/5.0 (Windows NT 10.0; Win64; x64)"
172.16.0.9 - - [24/Oct/2025:00:21:05 +0000] "GET /api/v1/user HTTP/1.1" 404 684 "-" "Mozilla/5.0 (X11; Ubuntu; Linux x86_64)"
198.51.100.23 - - [24/Oct/2025:00:21:24 +0000] "GET /assets/js/app.js HTTP/1.1" 200 3655 "-" "curl/7.68.0"
10.0.0.5 - - [24/Oct/2025:00:21:47 +0000] "GET /contact HTTP/1.1" 302 4424 "-" "Wget/1.20.3 (linux-gnu)"
198.51.100.23 - - [24/Oct/2025:00:21:49 +0000] "GET /assets/js/app.js HTTP/1.1" 200 3946 "-" "curl/7.68.0"
172.16.0.9 - - [24/Oct/2025:00:21:59 +0000] "GET /assets/js/app.js HTTP/1.1" 200 1050 "-" "Mozilla/5.0 (Windows NT 10.0; Win64; x64)"
3.14.159.26 - - [24/Oct/2025:00:22:28 +0000] "GET /products HTTP/1.1" 200 3189 "-" "Wget/1.20.3 (linux-gnu)"
203.0.113.45 - - [24/Oct/2025:00:22:40 +0000] "GET /api/v1/user HTTP/1.1" 200 1698 "-" "Mozilla/5.0 (Windows NT 10.0; Win64; x64)"
203.0.113.45 - - [24/Oct/2025:00:23:01 +0000] "GET /contact HTTP/1.1" 200 356 "-" "curl/7.68.0"
203.0.113.45 - - [24/Oct/2025:00:23:15 +0000] "GET /api/v1/user HTTP/1.1" 200 1798 "-" "python-requests/2.25.1"
198.51.100.23 - - [24/Oct/2025:00:23:31 +0000] "GET /assets/css/style.css HTTP/1.1" 200 2592 "-" "Mozilla/5.0 (Macintosh; Intel Mac OS X 10_15_7)"
203.0.113.45 - - [24/Oct/2025:00:23:32 +0000] "GET /assets/css/style.css HTTP/1.1" 200 1845 "-" "Wget/1.20.3 (linux-gnu)"
203.0.113.45 - - [24/Oct/2025:00:23:52 +0000] "GET /api/v1/user HTTP/1.1" 200 1725 "-" "Mozilla/5.0 (Windows NT 10.0; Win64; x64)"
54.210.11.5 - - [24/Oct/2025:00:24:09 +0000] "GET /about HTTP/1.1" 404 3649 "-" "Mozilla/5.0 (X11; Ubuntu; Linux x86_64)"
54.210.11.5 - - [24/Oct/2025:00:24:16 +0000] "GET /api/v1/order HTTP/1.1" 200 4088 "-" "python-requests/2.25.1"
3.14.159.26 - - [24/Oct/2025:00:24:37 +0000] "GET /assets/js/app.js HTTP/1.1" 302 3996 "-" "Mozilla/5.0 (Windows NT 10.0; Win64; x64)"
104.23.19.5 - - [24/Oct/2025:00:24:56 +0000] "GET /home HTTP/1.1" 200 2962 "-" "Mozilla/5.0 (Windows NT 10.0; Win64; x64)"
104.23.19.5 - - [24/Oct/2025:00:25:22 +0000] "GET /about HTTP/1.1" 200 4565 "-" "python-requests/2.25.1"
104.23.19.5 - - [24/Oct/2025:00:25:27 +0000] "GET /api/v1/user HTTP/1.1" 200 1154 "-" "python-requests/2.25.1"
192.0.2.19 - - [24/Oct/2025:00:25:44 +0000] "GET /login HTTP/1.1" 200 4979 "-" "Mozilla/5.0 (Windows NT 10.0; Win64; x64)"
54.210.11.5 - - [24/Oct/2025:00:26:12 +0000] "GET /assets/js/app.js HTTP/1.1" 200 255 "-" "curl/7.68.0"
104.23.19.5 - - [24/Oct/2025:00:26:29 +0000] "GET /assets/js/app.js HTTP/1.1" 500 3251 "-" "curl/7.68.0"
198.51.100.23 - - [24/Oct/2025:00:26:54 +0000] "GET /about HTTP/1.1" 200 2798 "-" "Mozilla/5.0 (Macintosh; Intel Mac OS X 10_15_7)"
3.14.159.26 - - [24/Oct/2025:00:27:17 +0000] "GET /contact HTTP/1.1" 200 2867 "-" "Mozilla/5.0 (Macintosh; Intel Mac OS X 10_15_7)"
203.0.113.45 - - [24/Oct/2025:00:27:27 +0000] "GET /assets/css/style.css HTTP/1.1" 200 691 "-" "python-requests/2.25.1"
104.23.19.5 - - [24/Oct/2025:00:27:40 +0000] "GET /home HTTP/1.1" 200 2106 "-" "Wget/1.20.3 (linux-gnu)"
172.16.0.9 - - [24/Oct/2025:00:27:50 +0000] "GET /api/v1/order HTTP/1.1" 200 1913 "-" "Mozilla/5.0 (X11; Ubuntu; Linux x86_64)"
203.0.113.45 - - [24/Oct/2025:00:28:17 +0000] "GET /assets/css/style.css HTTP/1.1" 200 966 "-" "Mozilla/5.0 (Macintosh; Intel Mac OS X 10_15_7)"
54.210.11.5 - - [24/Oct/2025:00:28:45 +0000] "GET /index.html HTTP/1.1" 200 2581 "-" "Mozilla/5.0 (Windows NT 10.0; Win64; x64)"
198.51.100.23 - - [24/Oct/2025:00:29:00 +0000] "GET /about HTTP/1.1" 404 2380 "-" "Mozilla/5.0 (Windows NT 10.0; Win64; x64)"
198.51.100.23 - - [24/Oct/2025:00:29:04 +0000] "GET /login HTTP/1.1" 200 2330 "-" "Mozilla/5.0 (X11; Ubuntu; Linux x86_64)"
10.0.0.5 - - [24/Oct/2025:00:29:11 +0000] "GET /api/v1/order HTTP/1.1" 200 1788 "-" "Wget/1.20.3 (linux-gnu)"
54.210.11.5 - - [24/Oct/2025:00:29:34 +0000] "GET /api/v1/order HTTP/1.1" 200 922 "-" "curl/7.68.0"
198.51.100.23 - - [24/Oct/2025:00:29:43 +0000] "GET /about HTTP/1.1" 302 3326 "-" "Mozilla/5.0 (X11; Ubuntu; Linux x86_64)"
104.23.19.5 - - [24/Oct/2025:00:29:58 +0000] "GET /home HTTP/1.1" 200 3379 "-" "Wget/1.20.3 (linux-gnu)"
3.14.159.26 - - [24/Oct/2025:00:30:16 +0000] "GET /about HTTP/1.1" 200 2135 "-" "curl/7.68.0"
203.0.113.45 - - [24/Oct/2025:00:30:34 +0000] "GET /home HTTP/1.1" 200 3175 "-" "python-requests/2.25.1"
3.14.159.26 - - [24/Oct/2025:00:30:49 +0000] "GET /products HTTP/1.1" 200 4656 "-" "Mozilla/5.0 (Macintosh; Intel Mac OS X 10_15_7)"
104.23.19.5 - - [24/Oct/2025:00:30:50 +0000] "GET /login HTTP/1.1" 200 2985 "-" "Mozilla/5.0 (X11; Ubuntu; Linux x86_64)"
203.0.113.45 - - [24/Oct/2025:00:31:02 +0000] "GET /login HTTP/1.1" 302 2387 "-" "python-requests/2.25.1"
172.16.0.9 - - [24/Oct/2025:00:31:08 +0000] "GET /home HTTP/1.1" 200 4834 "-" "Mozilla/5.0 (X11; Ubuntu; Linux x86_64)"
192.0.2.19 - - [24/Oct/2025:00:31:34 +0000] "GET /about HTTP/1.1" 200 3497 "-" "Mozilla/5.0 (X11; Ubuntu; Linux x86_64)"
54.210.11.5 - - [24/Oct/2025:00:31:48 +0000] "GET /assets/css/style.css HTTP/1.1" 200 807 "-" "Wget/1.20.3 (linux-gnu)"
54.210.11.5 - - [24/Oct/2025:00:31:53 +0000] "GET /home HTTP/1.1" 200 1434 "-" "Mozilla/5.0 (X11; Ubuntu; Linux x86_64)"
54.210.11.5 - - [24/Oct/2025:00:32:09 +0000] "GET /index.html HTTP/1.1" 200 1001 "-" "python-requests/2.25.1"
54.210.11.5 - - [24/Oct/2025:00:32:28 +0000] "GET /home HTTP/1.1" 200 4135 "-" "python-requests/2.25.1"
198.51.100.23 - - [24/Oct/2025:00:32:52 +0000] "GET /assets/js/app.js HTTP/1.1" 200 3092 "-" "curl/7.68.0"
198.51.100.23 - - [24/Oct/2025:00:32:59 +0000] "GET /contact HTTP/1.1" 200 2126 "-" "Mozilla/5.0 (Windows NT 10.0; Win64; x64)"
192.0.2.19 - - [24/Oct/2025:00:33:06 +0000] "GET /api/v1/user HTTP/1.1" 302 4137 "-" "Mozilla/5.0 (Windows NT 10.0; Win64; x64)"
192.0.2.19 - - [24/Oct/2025:00:33:34 +0000] "GET /products HTTP/1.1" 200 2688 "-" "python-requests/2.25.1"
172.16.0.9 - - [24/Oct/2025:00:33:37 +0000] "GET /assets/js/app.js HTTP/1.1" 500 1920 "-" "Mozilla/5.0 (Macintosh; Intel Mac OS X 10_15_7)"
10.0.0.5 - - [24/Oct/2025:00:34:06 +0000] "GET /home HTTP/1.1" 200 1967 "-" "curl/7.68.0"
104.23.19.5 - - [24/Oct/2025:00:34:08 +0000] "GET /about HTTP/1.1" 302 2447 "-" "python-requests/2.25.1"
203.0.113.45 - - [24/Oct/2025:00:34:20 +0000] "GET /assets/js/app.js HTTP/1.1" 404 2307 "-" "Mozilla/5.0 (X11; Ubuntu; Linux x86_64)"
192.0.2.19 - - [24/Oct/2025:00:34:22 +0000] "GET /contact HTTP/1.1" 200 1383 "-" "curl/7.68.0"
192.0.2.19 - - [24/Oct/2025:00:34:45 +0000] "GET /login HTTP/1.1" 404 4846 "-" "Mozilla/5.0 (X11; Ubuntu; Linux x86_64)"
192.0.2.19 - - [24/Oct/2025:00:34:51 +0000] "GET /assets/css/style.css HTTP/1.1" 200 240 "-" "Mozilla/5.0 (Macintosh; Intel Mac OS X 10_15_7)"
3.14.159.26 - - [24/Oct/2025:00:35:12 +0000] "GET /home HTTP/1.1" 200 1366 "-" "Mozilla/5.0 (Macintosh; Intel Mac OS X 10_15_7)"
104.23.19.5 - - [24/Oct/2025:00:35:36 +0000] "GET /assets/js/app.js HTTP/1.1" 200 3866 "-" "python-requests/2.25.1"
10.0.0.5 - - [24/Oct/2025:00:35:52 +0000] "GET /products HTTP/1.1" 200 2423 "-" "Wget/1.20.3 (linux-gnu)"
104.23.19.5 - - [24/Oct/2025:00:35:54 +0000] "GET /assets/css/style.css HTTP/1.1" 200 3869 "-" "Mozilla/5.0 (X11; Ubuntu; Linux x86_64)"
203.0.113.45 - - [24/Oct/2025:00:36:10 +0000] "GET /api/v1/user HTTP/1.1" 200 1732 "-" "curl/7.68.0"
203.0.113.45 - - [24/Oct/2025:00:36:25 +0000] "GET /index.html HTTP/1.1" 200 3208 "-" "Mozilla/5.0 (Windows NT 10.0; Win64; x64)"
54.210.11.5 - - [24/Oct/2025:00:36:34 +0000] "GET /home HTTP/1.1" 200 3811 "-" "Wget/1.20.3 (linux-gnu)"
172.16.0.9 - - [24/Oct/2025:00:36:41 +0000] "GET /products HTTP/1.1" 200 3438 "-" "python-requests/2.25.1"
3.14.159.26 - - [24/Oct/2025:00:37:10 +0000] "GET /contact HTTP/1.1" 200 771 "-" "Mozilla/5.0 (Windows NT 10.0; Win64; x64)"
192.0.2.19 - - [24/Oct/2025:00:37:38 +0000] "GET /contact HTTP/1.1" 302 750 "-" "Wget/1.20.3 (linux-gnu)"
172.16.0.9 - - [24/Oct/2025:00:38:05 +0000] "GET /contact HTTP/1.1" 302 352 "-" "Mozilla/5.0 (Macintosh; Intel Mac OS X 10_15_7)"
198.51.100.23 - - [24/Oct/2025:00:38:16 +0000] "GET /api/v1/order HTTP/1.1" 200 593 "-" "curl/7.68.0"
10.0.0.5 - - [24/Oct/2025:00:38:31 +0000] "GET /index.html HTTP/1.1" 200 3455 "-" "Mozilla/5.0 (Windows NT 10.0; Win64; x64)"
172.16.0.9 - - [24/Oct/2025:00:38:38 +0000] "GET /home HTTP/1.1" 200 3523 "-" "Mozilla/5.0 (Windows NT 10.0; Win64; x64)"
203.0.113.45 - - [24/Oct/2025:00:38:52 +0000] "GET /assets/js/app.js HTTP/1.1" 200 2228 "-" "Mozilla/5.0 (Windows NT 10.0; Win64; x64)"
104.23.19.5 - - [24/Oct/2025:00:39:15 +0000] "GET /about HTTP/1.1" 200 605 "-" "curl/7.68.0"
172.16.0.9 - - [24/Oct/2025:00:39:29 +0000] "GET /contact HTTP/1.1" 200 4728 "-" "Mozilla/5.0 (Macintosh; Intel Mac OS X 10_15_7)"
172.16.0.9 - - [24/Oct/2025:00:39:30 +0000] "GET /contact HTTP/1.1" 200 4166 "-" "Mozilla/5.0 (Windows NT 10.0; Win64; x64)"
10.0.0.5 - - [24/Oct/2025:00:39:41 +0000] "GET /products HTTP/1.1" 200 3326 "-" "curl/7.68.0"
172.16.0.9 - - [24/Oct/2025:00:40:04 +0000] "GET /assets/css/style.css HTTP/1.1" 200 3049 "-" "Wget/1.20.3 (linux-gnu)"
10.0.0.5 - - [24/Oct/2025:00:40:20 +0000] "GET /contact HTTP/1.1" 404 2209 "-" "python-requests/2.25.1"
3.14.159.26 - - [24/Oct/2025:00:40:47 +0000] "GET /home HTTP/1.1" 404 751 "-" "Wget/1.20.3 (linux-gnu)"
54.210.11.5 - - [24/Oct/2025:00:41:06 +0000] "GET /login HTTP/1.1" 200 1737 "-" "Wget/1.20.3 (linux-gnu)"
3.14.159.26 - - [24/Oct/2025:00:41:13 +0000] "GET /api/v1/user HTTP/1.1" 200 4667 "-" "curl/7.68.0"
192.0.2.19 - - [24/Oct/2025:00:41:19 +0000] "GET /home HTTP/1.1" 302 3857 "-" "curl/7.68.0"
10.0.0.5 - - [24/Oct/2025:00:41:47 +0000] "GET /home HTTP/1.1" 302 2012 "-" "python-requests/2.25.1"
3.14.159.26 - - [24/Oct/2025:00:41:52 +0000] "GET /products HTTP/1.1" 200 3020 "-" "Mozilla/5.0 (Windows NT 10.0; Win64; x64)"
54.210.11.5 - - [24/Oct/2025:00:41:58 +0000] "GET /home HTTP/1.1" 200 303 "-" "Mozilla/5.0 (Windows NT 10.0; Win64; x64)"
10.0.0.5 - - [24/Oct/2025:00:42:26 +0000] "GET /assets/js/app.js HTTP/1.1" 200 3416 "-" "Mozilla/5.0 (X11; Ubuntu; Linux x86_64)"
54.210.11.5 - - [24/Oct/2025:00:42:28 +0000] "GET /home HTTP/1.1" 200 2416 "-" "Mozilla/5.0 (X11; Ubuntu; Linux x86_64)"
104.23.19.5 - - [24/Oct/2025:00:42:56 +0000] "GET /products HTTP/1.1" 200 3231 "-" "curl/7.68.0"
192.0.2.19 - - [24/Oct/2025:00:43:21 +0000] "GET /index.html HTTP/1.1" 200 860 "-" "Mozilla/5.0 (Macintosh; Intel Mac OS X 10_15_7)"
192.0.2.19 - - [24/Oct/2025:00:43:49 +0000] "GET /home HTTP/1.1" 200 2748 "-" "Mozilla/5.0 (X11; Ubuntu; Linux x86_64)"
192.0.2.19 - - [24/Oct/2025:00:44:11 +0000] "GET /api/v1/order HTTP/1.1" 302 3164 "-" "Wget/1.20.3 (linux-gnu)"
203.0.113.45 - - [24/Oct/2025:00:44:39 +0000] "GET /api/v1/user HTTP/1.1" 200 4412 "-" "python-requests/2.25.1"
192.0.2.19 - - [24/Oct/2025:00:44:50 +0000] "GET /assets/js/app.js HTTP/1.1" 200 4964 "-" "Mozilla/5.0 (Windows NT 10.0; Win64; x64)"
192.0.2.19 - - [24/Oct/2025:00:45:11 +0000] "GET /assets/css/style.css HTTP/1.1" 200 2991 "-" "Mozilla/5.0 (Windows NT 10.0; Win64; x64)"
192.0.2.19 - - [24/Oct/2025:00:45:22 +0000] "GET /home HTTP/1.1" 200 1527 "-" "Mozilla/5.0 (Macintosh; Intel Mac OS X 10_15_7)"
192.0.2.19 - - [24/Oct/2025:00:45:40 +0000] "GET /api/v1/user HTTP/1.1" 200 1982 "-" "python-requests/2.25.1"
54.210.11.5 - - [24/Oct/2025:00:46:00 +0000] "GET /assets/js/app.js HTTP/1.1" 500 216 "-" "Mozilla/5.0 (X11; Ubuntu; Linux x86_64)"
198.51.100.23 - - [24/Oct/2025:00:46:02 +0000] "GET /products HTTP/1.1" 200 904 "-" "python-requests/2.25.1"
10.0.0.5 - - [24/Oct/2025:00:46:03 +0000] "GET /assets/js/app.js HTTP/1.1" 200 3772 "-" "Mozilla/5.0 (Windows NT 10.0; Win64; x64)"
54.210.11.5 - - [24/Oct/2025:00:46:04 +0000] "GET /home HTTP/1.1" 200 319 "-" "Mozilla/5.0 (Windows NT 10.0; Win64; x64)"
54.210.11.5 - - [24/Oct/2025:00:46:31 +0000] "GET /contact HTTP/1.1" 200 3365 "-" "Mozilla/5.0 (X11; Ubuntu; Linux x86_64)"
203.0.113.45 - - [24/Oct/2025:00:46:44 +0000] "GET /index.html HTTP/1.1" 200 1160 "-" "Wget/1.20.3 (linux-gnu)"
198.51.100.23 - - [24/Oct/2025:00:47:09 +0000] "GET /home HTTP/1.1" 200 1511 "-" "Mozilla/5.0 (Windows NT 10.0; Win64; x64)"
10.0.0.5 - - [24/Oct/2025:00:47:31 +0000] "GET /assets/css/style.css HTTP/1.1" 404 596 "-" "curl/7.68.0"
10.0.0.5 - - [24/Oct/2025:00:47:34 +0000] "GET /api/v1/order HTTP/1.1" 500 265 "-" "Mozilla/5.0 (X11; Ubuntu; Linux x86_64)"
3.14.159.26 - - [24/Oct/2025:00:47:51 +0000] "GET /login HTTP/1.1" 200 4254 "-" "Wget/1.20.3 (linux-gnu)"
3.14.159.26 - - [24/Oct/2025:00:48:21 +0000] "GET /home HTTP/1.1" 200 1071 "-" "curl/7.68.0"
3.14.159.26 - - [24/Oct/2025:00:48:43 +0000] "GET /about HTTP/1.1" 200 1269 "-" "Wget/1.20.3 (linux-gnu)"
104.23.19.5 - - [24/Oct/2025:00:48:48 +0000] "GET /api/v1/order HTTP/1.1" 200 4972 "-" "Mozilla/5.0 (X11; Ubuntu; Linux x86_64)"
203.0.113.45 - - [24/Oct/2025:00:48:53 +0000] "GET /login HTTP/1.1" 200 1489 "-" "python-requests/2.25.1"
172.16.0.9 - - [24/Oct/2025:00:48:57 +0000] "GET /index.html HTTP/1.1" 200 2178 "-" "Mozilla/5.0 (X11; Ubuntu; Linux x86_64)"
203.0.113.45 - - [24/Oct/2025:00:49:14 +0000] "GET /home HTTP/1.1" 302 3951 "-" "Wget/1.20.3 (linux-gnu)"
192.0.2.19 - - [24/Oct/2025:00:49:16 +0000] "GET /assets/css/style.css HTTP/1.1" 500 2802 "-" "python-requests/2.25.1"
198.51.100.23 - - [24/Oct/2025:00:49:37 +0000] "GET /home HTTP/1.1" 500 574 "-" "Mozilla/5.0 (Windows NT 10.0; Win64; x64)"
104.23.19.5 - - [24/Oct/2025:00:49:53 +0000] "GET /api/v1/user HTTP/1.1" 200 3236 "-" "Mozilla/5.0 (Macintosh; Intel Mac OS X 10_15_7)"
104.23.19.5 - - [24/Oct/2025:00:50:16 +0000] "GET /assets/js/app.js HTTP/1.1" 500 2680 "-" "Mozilla/5.0 (Macintosh; Intel Mac OS X 10_15_7)"
198.51.100.23 - - [24/Oct/2025:00:50:34 +0000] "GET /assets/js/app.js HTTP/1.1" 200 4007 "-" "Mozilla/5.0 (X11; Ubuntu; Linux x86_64)"
172.16.0.9 - - [24/Oct/2025:00:50:39 +0000] "GET /index.html HTTP/1.1" 200 1488 "-" "Mozilla/5.0 (Macintosh; Intel Mac OS X 10_15_7)"
198.51.100.23 - - [24/Oct/2025:00:51:04 +0000] "GET /index.html HTTP/1.1" 404 3980 "-" "Mozilla/5.0 (X11; Ubuntu; Linux x86_64)"
198.51.100.23 - - [24/Oct/2025:00:51:09 +0000] "GET /login HTTP/1.1" 500 4538 "-" "Mozilla/5.0 (Windows NT 10.0; Win64; x64)"
172.16.0.9 - - [24/Oct/2025:00:51:26 +0000] "GET /about HTTP/1.1" 302 3690 "-" "Mozilla/5.0 (X11; Ubuntu; Linux x86_64)"
10.0.0.5 - - [24/Oct/2025:00:51:40 +0000] "GET /assets/js/app.js HTTP/1.1" 200 4302 "-" "Mozilla/5.0 (Macintosh; Intel Mac OS X 10_15_7)"
10.0.0.5 - - [24/Oct/2025:00:51:44 +0000] "GET /contact HTTP/1.1" 200 480 "-" "Mozilla/5.0 (Windows NT 10.0; Win64; x64)"
10.0.0.5 - - [24/Oct/2025:00:52:07 +0000] "GET /about HTTP/1.1" 404 1045 "-" "curl/7.68.0"
172.16.0.9 - - [24/Oct/2025:00:52:10 +0000] "GET /login HTTP/1.1" 200 801 "-" "curl/7.68.0"
203.0.113.45 - - [24/Oct/2025:00:52:35 +0000] "GET /api/v1/user HTTP/1.1" 200 3282 "-" "Mozilla/5.0 (X11; Ubuntu; Linux x86_64)"
3.14.159.26 - - [24/Oct/2025:00:53:04 +0000] "GET /home HTTP/1.1" 200 3876 "-" "curl/7.68.0"
3.14.159.26 - - [24/Oct/2025:00:53:18 +0000] "GET /assets/js/app.js HTTP/1.1" 200 4698 "-" "curl/7.68.0"
172.16.0.9 - - [24/Oct/2025:00:53:42 +0000] "GET /assets/js/app.js HTTP/1.1" 200 2028 "-" "python-requests/2.25.1"
3.14.159.26 - - [24/Oct/2025:00:54:04 +0000] "GET /login HTTP/1.1" 200 3647 "-" "python-requests/2.25.1"
198.51.100.23 - - [24/Oct/2025:00:54:28 +0000] "GET /api/v1/order HTTP/1.1" 200 482 "-" "Wget/1.20.3 (linux-gnu)"
198.51.100.23 - - [24/Oct/2025:00:54:47 +0000] "GET /assets/css/style.css HTTP/1.1" 200 3097 "-" "Mozilla/5.0 (Windows NT 10.0; Win64; x64)"
203.0.113.45 - - [24/Oct/2025:00:54:56 +0000] "GET /about HTTP/1.1" 200 4479 "-" "Mozilla/5.0 (Windows NT 10.0; Win64; x64)"
10.0.0.5 - - [24/Oct/2025:00:55:10 +0000] "GET /index.html HTTP/1.1" 200 4346 "-" "Wget/1.20.3 (linux-gnu)"
10.0.0.5 - - [24/Oct/2025:00:55:25 +0000] "GET /about HTTP/1.1" 200 4981 "-" "Mozilla/5.0 (Macintosh; Intel Mac OS X 10_15_7)"
3.14.159.26 - - [24/Oct/2025:00:55:40 +0000] "GET /api/v1/order HTTP/1.1" 200 780 "-" "Mozilla/5.0 (X11; Ubuntu; Linux x86_64)"
3.14.159.26 - - [24/Oct/2025:00:56:08 +0000] "GET /api/v1/user HTTP/1.1" 200 4292 "-" "python-requests/2.25.1"
172.16.0.9 - - [24/Oct/2025:00:56:21 +0000] "GET /api/v1/user HTTP/1.1" 200 925 "-" "python-requests/2.25.1"
54.210.11.5 - - [24/Oct/2025:00:56:49 +0000] "GET /assets/js/app.js HTTP/1.1" 200 514 "-" "Mozilla/5.0 (Windows NT 10.0; Win64; x64)"
198.51.100.23 - - [24/Oct/2025:00:57:05 +0000] "GET /products HTTP/1.1" 200 4625 "-" "python-requests/2.25.1"
192.0.2.19 - - [24/Oct/2025:00:57:17 +0000] "GET /contact HTTP/1.1" 200 3417 "-" "python-requests/2.25.1"
54.210.11.5 - - [24/Oct/2025:00:57:25 +0000] "GET /assets/css/style.css HTTP/1.1" 200 568 "-" "Mozilla/5.0 (Macintosh; Intel Mac OS X 10_15_7)"
203.0.113.45 - - [24/Oct/2025:00:57:33 +0000] "GET /api/v1/order HTTP/1.1" 404 4622 "-" "Wget/1.20.3 (linux-gnu)"
172.16.0.9 - - [24/Oct/2025:00:57:46 +0000] "GET /assets/css/style.css HTTP/1.1" 200 1871 "-" "curl/7.68.0"
54.210.11.5 - - [24/Oct/2025:00:58:14 +0000] "GET /index.html HTTP/1.1" 200 3875 "-" "Mozilla/5.0 (Windows NT 10.0; Win64; x64)"
54.210.11.5 - - [24/Oct/2025:00:58:18 +0000] "GET /api/v1/order HTTP/1.1" 200 2298 "-" "Mozilla/5.0 (X11; Ubuntu; Linux x86_64)"
172.16.0.9 - - [24/Oct/2025:00:58:26 +0000] "GET /home HTTP/1.1" 404 4804 "-" "python-requests/2.25.1"
10.0.0.5 - - [24/Oct/2025:00:58:48 +0000] "GET /login HTTP/1.1" 500 529 "-" "curl/7.68.0"
192.0.2.19 - - [24/Oct/2025:00:59:08 +0000] "GET /api/v1/order HTTP/1.1" 200 2958 "-" "curl/7.68.0"
203.0.113.45 - - [24/Oct/2025:00:59:29 +0000] "GET /home HTTP/1.1" 404 1389 "-" "Mozilla/5.0 (Windows NT 10.0; Win64; x64)"
54.210.11.5 - - [24/Oct/2025:00:59:43 +0000] "GET /assets/css/style.css HTTP/1.1" 200 1139 "-" "curl/7.68.0"
172.16.0.9 - - [24/Oct/2025:01:00:07 +0000] "GET /index.html HTTP/1.1" 200 3515 "-" "Wget/1.20.3 (linux-gnu)"
203.0.113.45 - - [24/Oct/2025:01:00:29 +0000] "GET /api/v1/user HTTP/1.1" 404 4369 "-" "Wget/1.20.3 (linux-gnu)"
203.0.113.45 - - [24/Oct/2025:01:00:38 +0000] "GET /products HTTP/1.1" 200 3424 "-" "Mozilla/5.0 (Macintosh; Intel Mac OS X 10_15_7)"
10.0.0.5 - - [24/Oct/2025:01:00:57 +0000] "GET /contact HTTP/1.1" 302 4304 "-" "Mozilla/5.0 (Macintosh; Intel Mac OS X 10_15_7)"
172.16.0.9 - - [24/Oct/2025:01:01:07 +0000] "GET /home HTTP/1.1" 200 1748 "-" "curl/7.68.0"
172.16.0.9 - - [24/Oct/2025:01:01:35 +0000] "GET /assets/js/app.js HTTP/1.1" 200 4984 "-" "Mozilla/5.0 (Windows NT 10.0; Win64; x64)"
10.0.0.5 - - [24/Oct/2025:01:01:41 +0000] "GET /home HTTP/1.1" 200 4030 "-" "Mozilla/5.0 (Macintosh; Intel Mac OS X 10_15_7)"
104.23.19.5 - - [24/Oct/2025:01:01:56 +0000] "GET /assets/css/style.css HTTP/1.1" 200 544 "-" "Wget/1.20.3 (linux-gnu)"
198.51.100.23 - - [24/Oct/2025:01:02:02 +0000] "GET /login HTTP/1.1" 200 4424 "-" "Mozilla/5.0 (Macintosh; Intel Mac OS X 10_15_7)"
192.0.2.19 - - [24/Oct/2025:01:02:05 +0000] "GET /api/v1/user HTTP/1.1" 200 3576 "-" "Wget/1.20.3 (linux-gnu)"
203.0.113.45 - - [24/Oct/2025:01:02:13 +0000] "GET /index.html HTTP/1.1" 404 2428 "-" "curl/7.68.0"
192.0.2.19 - - [24/Oct/2025:01:02:21 +0000] "GET /assets/css/style.css HTTP/1.1" 200 4659 "-" "Mozilla/5.0 (Macintosh; Intel Mac OS X 10_15_7)"
54.210.11.5 - - [24/Oct/2025:01:02:22 +0000] "GET /index.html HTTP/1.1" 200 3675 "-" "Mozilla/5.0 (X11; Ubuntu; Linux x86_64)"
198.51.100.23 - - [24/Oct/2025:01:02:51 +0000] "GET /api/v1/user HTTP/1.1" 404 2367 "-" "Mozilla/5.0 (Windows NT 10.0; Win64; x64)"
192.0.2.19 - - [24/Oct/2025:01:03:01 +0000] "GET /home HTTP/1.1" 404 4762 "-" "Mozilla/5.0 (X11; Ubuntu; Linux x86_64)"
54.210.11.5 - - [24/Oct/2025:01:03:25 +0000] "GET /products HTTP/1.1" 404 3894 "-" "curl/7.68.0"
198.51.100.23 - - [24/Oct/2025:01:03:33 +0000] "GET /home HTTP/1.1" 500 3806 "-" "Wget/1.20.3 (linux-gnu)"
172.16.0.9 - - [24/Oct/2025:01:03:51 +0000] "GET /index.html HTTP/1.1" 404 1275 "-" "Wget/1.20.3 (linux-gnu)"
3.14.159.26 - - [24/Oct/2025:01:04:03 +0000] "GET /products HTTP/1.1" 200 3147 "-" "Wget/1.20.3 (linux-gnu)"
104.23.19.5 - - [24/Oct/2025:01:04:25 +0000] "GET /home HTTP/1.1" 200 836 "-" "Wget/1.20.3 (linux-gnu)"
172.16.0.9 - - [24/Oct/2025:01:04:52 +0000] "GET /login HTTP/1.1" 200 3838 "-" "Mozilla/5.0 (Windows NT 10.0; Win64; x64)"
198.51.100.23 - - [24/Oct/2025:01:05:00 +0000] "GET /api/v1/order HTTP/1.1" 200 922 "-" "python-requests/2.25.1"
3.14.159.26 - - [24/Oct/2025:01:05:25 +0000] "GET /api/v1/order HTTP/1.1" 500 4119 "-" "python-requests/2.25.1"
198.51.100.23 - - [24/Oct/2025:01:05:38 +0000] "GET /api/v1/user HTTP/1.1" 200 4984 "-" "Mozilla/5.0 (Macintosh; Intel Mac OS X 10_15_7)"
198.51.100.23 - - [24/Oct/2025:01:06:05 +0000] "GET /products HTTP/1.1" 404 4065 "-" "curl/7.68.0"
192.0.2.19 - - [24/Oct/2025:01:06:28 +0000] "GET /products HTTP/1.1" 200 3260 "-" "Mozilla/5.0 (X11; Ubuntu; Linux x86_64)"
3.14.159.26 - - [24/Oct/2025:01:06:49 +0000] "GET /assets/css/style.css HTTP/1.1" 200 336 "-" "Mozilla/5.0 (X11; Ubuntu; Linux x86_64)"
198.51.100.23 - - [24/Oct/2025:01:07:08 +0000] "GET /api/v1/order HTTP/1.1" 200 3367 "-" "Mozilla/5.0 (X11; Ubuntu; Linux x86_64)"
54.210.11.5 - - [24/Oct/2025:01:07:24 +0000] "GET /login HTTP/1.1" 404 839 "-" "Wget/1.20.3 (linux-gnu)"
104.23.19.5 - - [24/Oct/2025:01:07:38 +0000] "GET /api/v1/user HTTP/1.1" 200 2024 "-" "Mozilla/5.0 (Macintosh; Intel Mac OS X 10_15_7)"
172.16.0.9 - - [24/Oct/2025:01:07:40 +0000] "GET /api/v1/user HTTP/1.1" 302 3161 "-" "Wget/1.20.3 (linux-gnu)"
203.0.113.45 - - [24/Oct/2025:01:08:02 +0000] "GET /index.html HTTP/1.1" 200 2409 "-" "Mozilla/5.0 (X11; Ubuntu; Linux x86_64)"
54.210.11.5 - - [24/Oct/2025:01:08:07 +0000] "GET /index.html HTTP/1.1" 200 3397 "-" "Mozilla/5.0 (Windows NT 10.0; Win64; x64)"
198.51.100.23 - - [24/Oct/2025:01:08:15 +0000] "GET /products HTTP/1.1" 200 1809 "-" "python-requests/2.25.1"
203.0.113.45 - - [24/Oct/2025:01:08:40 +0000] "GET /products HTTP/1.1" 200 3287 "-" "Mozilla/5.0 (Macintosh; Intel Mac OS X 10_15_7)"
203.0.113.45 - - [24/Oct/2025:01:09:06 +0000] "GET /contact HTTP/1.1" 200 3490 "-" "python-requests/2.25.1"
203.0.113.45 - - [24/Oct/2025:01:09:12 +0000] "GET /products HTTP/1.1" 200 2417 "-" "Mozilla/5.0 (Macintosh; Intel Mac OS X 10_15_7)"
3.14.159.26 - - [24/Oct/2025:01:09:37 +0000] "GET /assets/css/style.css HTTP/1.1" 200 4276 "-" "python-requests/2.25.1"
198.51.100.23 - - [24/Oct/2025:01:09:47 +0000] "GET /assets/js/app.js HTTP/1.1" 200 4387 "-" "Mozilla/5.0 (Macintosh; Intel Mac OS X 10_15_7)"
172.16.0.9 - - [24/Oct/2025:01:09:59 +0000] "GET /index.html HTTP/1.1" 200 3800 "-" "curl/7.68.0"
198.51.100.23 - - [24/Oct/2025:01:10:17 +0000] "GET /products HTTP/1.1" 200 2382 "-" "Mozilla/5.0 (Windows NT 10.0; Win64; x64)"
3.14.159.26 - - [24/Oct/2025:01:10:34 +0000] "GET /about HTTP/1.1" 200 1435 "-" "Mozilla/5.0 (X11; Ubuntu; Linux x86_64)"
192.0.2.19 - - [24/Oct/2025:01:10:59 +0000] "GET /contact HTTP/1.1" 302 879 "-" "python-requests/2.25.1"
203.0.113.45 - - [24/Oct/2025:01:11:01 +0000] "GET /products HTTP/1.1" 200 1035 "-" "Mozilla/5.0 (Windows NT 10.0; Win64; x64)"
10.0.0.5 - - [24/Oct/2025:01:11:10 +0000] "GET /api/v1/user HTTP/1.1" 200 1062 "-" "curl/7.68.0"
192.0.2.19 - - [24/Oct/2025:01:11:27 +0000] "GET /contact HTTP/1.1" 200 1102 "-" "Mozilla/5.0 (Windows NT 10.0; Win64; x64)"
3.14.159.26 - - [24/Oct/2025:01:11:47 +0000] "GET /contact HTTP/1.1" 404 3254 "-" "Wget/1.20.3 (linux-gnu)"
203.0.113.45 - - [24/Oct/2025:01:11:55 +0000] "GET /api/v1/order HTTP/1.1" 200 2394 "-" "Mozilla/5.0 (Windows NT 10.0; Win64; x64)"
54.210.11.5 - - [24/Oct/2025:01:12:24 +0000] "GET /api/v1/user HTTP/1.1" 200 2008 "-" "Mozilla/5.0 (Macintosh; Intel Mac OS X 10_15_7)"
3.14.159.26 - - [24/Oct/2025:01:12:43 +0000] "GET /contact HTTP/1.1" 302 3776 "-" "Mozilla/5.0 (Macintosh; Intel Mac OS X 10_15_7)"
10.0.0.5 - - [24/Oct/2025:01:12:48 +0000] "GET /api/v1/order HTTP/1.1" 200 2728 "-" "Mozilla/5.0 (Windows NT 10.0; Win64; x64)"
104.23.19.5 - - [24/Oct/2025:01:13:15 +0000] "GET /assets/js/app.js HTTP/1.1" 200 1648 "-" "curl/7.68.0"
3.14.159.26 - - [24/Oct/2025:01:13:33 +0000] "GET /login HTTP/1.1" 200 3524 "-" "Mozilla/5.0 (Macintosh; Intel Mac OS X 10_15_7)"
3.14.159.26 - - [24/Oct/2025:01:13:50 +0000] "GET /index.html HTTP/1.1" 404 4072 "-" "Mozilla/5.0 (Macintosh; Intel Mac OS X 10_15_7)"
192.0.2.19 - - [24/Oct/2025:01:14:07 +0000] "GET /assets/js/app.js HTTP/1.1" 200 1761 "-" "Mozilla/5.0 (X11; Ubuntu; Linux x86_64)"
198.51.100.23 - - [24/Oct/2025:01:14:10 +0000] "GET /login HTTP/1.1" 500 4370 "-" "Mozilla/5.0 (Macintosh; Intel Mac OS X 10_15_7)"
203.0.113.45 - - [24/Oct/2025:01:14:31 +0000] "GET /about HTTP/1.1" 200 4722 "-" "curl/7.68.0"
54.210.11.5 - - [24/Oct/2025:01:14:57 +0000] "GET /api/v1/order HTTP/1.1" 200 1541 "-" "Wget/1.20.3 (linux-gnu)"
10.0.0.5 - - [24/Oct/2025:01:15:09 +0000] "GET /api/v1/order HTTP/1.1" 200 4015 "-" "Mozilla/5.0 (Macintosh; Intel Mac OS X 10_15_7)"
198.51.100.23 - - [24/Oct/2025:01:15:34 +0000] "GET /assets/js/app.js HTTP/1.1" 200 4347 "-" "Mozilla/5.0 (Windows NT 10.0; Win64; x64)"
10.0.0.5 - - [24/Oct/2025:01:16:04 +0000] "GET /about HTTP/1.1" 200 3787 "-" "Wget/1.20.3 (linux-gnu)"
3.14.159.26 - - [24/Oct/2025:01:16:13 +0000] "GET /about HTTP/1.1" 200 2479 "-" "Mozilla/5.0 (Macintosh; Intel Mac OS X 10_15_7)"
203.0.113.45 - - [24/Oct/2025:01:16:14 +0000] "GET /home HTTP/1.1" 302 2262 "-" "python-requests/2.25.1"
203.0.113.45 - - [24/Oct/2025:01:16:19 +0000] "GET /index.html HTTP/1.1" 200 4502 "-" "curl/7.68.0"
54.210.11.5 - - [24/Oct/2025:01:16:33 +0000] "GET /about HTTP/1.1" 200 4964 "-" "Mozilla/5.0 (Macintosh; Intel Mac OS X 10_15_7)"
104.23.19.5 - - [24/Oct/2025:01:16:51 +0000] "GET /api/v1/order HTTP/1.1" 200 2496 "-" "curl/7.68.0"
10.0.0.5 - - [24/Oct/2025:01:17:15 +0000] "GET /assets/js/app.js HTTP/1.1" 200 3356 "-" "Wget/1.20.3 (linux-gnu)"
3.14.159.26 - - [24/Oct/2025:01:17:26 +0000] "GET /contact HTTP/1.1" 200 4212 "-" "curl/7.68.0"
54.210.11.5 - - [24/Oct/2025:01:17:33 +0000] "GET /index.html HTTP/1.1" 200 3917 "-" "Mozilla/5.0 (X11; Ubuntu; Linux x86_64)"
104.23.19.5 - - [24/Oct/2025:01:17:41 +0000] "GET /api/v1/user HTTP/1.1" 200 3638 "-" "Mozilla/5.0 (Windows NT 10.0; Win64; x64)"
192.0.2.19 - - [24/Oct/2025:01:18:05 +0000] "GET /assets/js/app.js HTTP/1.1" 200 1616 "-" "curl/7.68.0"
203.0.113.45 - - [24/Oct/2025:01:18:24 +0000] "GET /contact HTTP/1.1" 200 3131 "-" "Wget/1.20.3 (linux-gnu)"
192.0.2.19 - - [24/Oct/2025:01:18:42 +0000] "GET /api/v1/order HTTP/1.1" 200 3807 "-" "Mozilla/5.0 (Macintosh; Intel Mac OS X 10_15_7)"
104.23.19.5 - - [24/Oct/2025:01:19:09 +0000] "GET /assets/css/style.css HTTP/1.1" 200 1960 "-" "Wget/1.20.3 (linux-gnu)"
104.23.19.5 - - [24/Oct/2025:01:19:32 +0000] "GET /api/v1/user HTTP/1.1" 200 870 "-" "curl/7.68.0"
198.51.100.23 - - [24/Oct/2025:01:19:59 +0000] "GET /api/v1/user HTTP/1.1" 200 4136 "-" "python-requests/2.25.1"
192.0.2.19 - - [24/Oct/2025:01:20:18 +0000] "GET /index.html HTTP/1.1" 200 2057 "-" "curl/7.68.0"
54.210.11.5 - - [24/Oct/2025:01:20:26 +0000] "GET /about HTTP/1.1" 404 3581 "-" "Wget/1.20.3 (linux-gnu)"
54.210.11.5 - - [24/Oct/2025:01:20:41 +0000] "GET /assets/css/style.css HTTP/1.1" 200 1568 "-" "python-requests/2.25.1"
198.51.100.23 - - [24/Oct/2025:01:20:51 +0000] "GET /products HTTP/1.1" 200 300 "-" "Mozilla/5.0 (Windows NT 10.0; Win64; x64)"
54.210.11.5 - - [24/Oct/2025:01:21:08 +0000] "GET /assets/css/style.css HTTP/1.1" 200 3968 "-" "Mozilla/5.0 (X11; Ubuntu; Linux x86_64)"
172.16.0.9 - - [24/Oct/2025:01:21:36 +0000] "GET /assets/js/app.js HTTP/1.1" 200 3784 "-" "Mozilla/5.0 (Windows NT 10.0; Win64; x64)"
198.51.100.23 - - [24/Oct/2025:01:21:49 +0000] "GET /assets/css/style.css HTTP/1.1" 200 1908 "-" "curl/7.68.0"
104.23.19.5 - - [24/Oct/2025:01:22:04 +0000] "GET /index.html HTTP/1.1" 302 3012 "-" "Mozilla/5.0 (Windows NT 10.0; Win64; x64)"
54.210.11.5 - - [24/Oct/2025:01:22:34 +0000] "GET /about HTTP/1.1" 404 2486 "-" "Mozilla/5.0 (Macintosh; Intel Mac OS X 10_15_7)"
172.16.0.9 - - [24/Oct/2025:01:22:37 +0000] "GET /about HTTP/1.1" 200 2018 "-" "Mozilla/5.0 (X11; Ubuntu; Linux x86_64)"
3.14.159.26 - - [24/Oct/2025:01:22:39 +0000] "GET /login HTTP/1.1" 200 2768 "-" "Mozilla/5.0 (Windows NT 10.0; Win64; x64)"
203.0.113.45 - - [24/Oct/2025:01:23:01 +0000] "GET /assets/css/style.css HTTP/1.1" 200 3311 "-" "Wget/1.20.3 (linux-gnu)"
54.210.11.5 - - [24/Oct/2025:01:23:24 +0000] "GET /api/v1/order HTTP/1.1" 200 1995 "-" "Mozilla/5.0 (Windows NT 10.0; Win64; x64)"
198.51.100.23 - - [24/Oct/2025:01:23:35 +0000] "GET /assets/js/app.js HTTP/1.1" 302 4786 "-" "Mozilla/5.0 (X11; Ubuntu; Linux x86_64)"
3.14.159.26 - - [24/Oct/2025:01:23:58 +0000] "GET /api/v1/user HTTP/1.1" 200 2099 "-" "Wget/1.20.3 (linux-gnu)"
104.23.19.5 - - [24/Oct/2025:01:24:10 +0000] "GET /assets/css/style.css HTTP/1.1" 200 4697 "-" "curl/7.68.0"
198.51.100.23 - - [24/Oct/2025:01:24:35 +0000] "GET /contact HTTP/1.1" 200 3218 "-" "python-requests/2.25.1"
10.0.0.5 - - [24/Oct/2025:01:24:36 +0000] "GET /assets/js/app.js HTTP/1.1" 200 3904 "-" "Mozilla/5.0 (Macintosh; Intel Mac OS X 10_15_7)"
192.0.2.19 - - [24/Oct/2025:01:25:01 +0000] "GET /api/v1/user HTTP/1.1" 200 2842 "-" "Mozilla/5.0 (Windows NT 10.0; Win64; x64)"
192.0.2.19 - - [24/Oct/2025:01:25:25 +0000] "GET /products HTTP/1.1" 200 678 "-" "Mozilla/5.0 (X11; Ubuntu; Linux x86_64)"
104.23.19.5 - - [24/Oct/2025:01:25:45 +0000] "GET /home HTTP/1.1" 200 4363 "-" "python-requests/2.25.1"
192.0.2.19 - - [24/Oct/2025:01:26:06 +0000] "GET /assets/css/style.css HTTP/1.1" 200 4163 "-" "Mozilla/5.0 (Windows NT 10.0; Win64; x64)"
198.51.100.23 - - [24/Oct/2025:01:26:33 +0000] "GET /assets/js/app.js HTTP/1.1" 200 3008 "-" "Mozilla/5.0 (Macintosh; Intel Mac OS X 10_15_7)"
172.16.0.9 - - [24/Oct/2025:01:26:34 +0000] "GET /login HTTP/1.1" 500 4213 "-" "python-requests/2.25.1"
104.23.19.5 - - [24/Oct/2025:01:27:00 +0000] "GET /api/v1/user HTTP/1.1" 302 638 "-" "Mozilla/5.0 (X11; Ubuntu; Linux x86_64)"
192.0.2.19 - - [24/Oct/2025:01:27:30 +0000] "GET /products HTTP/1.1" 200 1935 "-" "Mozilla/5.0 (X11; Ubuntu; Linux x86_64)"
54.210.11.5 - - [24/Oct/2025:01:27:47 +0000] "GET /assets/css/style.css HTTP/1.1" 200 910 "-" "Mozilla/5.0 (Windows NT 10.0; Win64; x64)"
3.14.159.26 - - [24/Oct/2025:01:28:04 +0000] "GET /login HTTP/1.1" 404 4380 "-" "Wget/1.20.3 (linux-gnu)"
104.23.19.5 - - [24/Oct/2025:01:28:12 +0000] "GET /products HTTP/1.1" 500 1281 "-" "curl/7.68.0"
3.14.159.26 - - [24/Oct/2025:01:28:31 +0000] "GET /login HTTP/1.1" 200 2793 "-" "curl/7.68.0"
192.0.2.19 - - [24/Oct/2025:01:29:00 +0000] "GET /api/v1/order HTTP/1.1" 302 3527 "-" "Mozilla/5.0 (Windows NT 10.0; Win64; x64)"
203.0.113.45 - - [24/Oct/2025:01:29:02 +0000] "GET /assets/js/app.js HTTP/1.1" 200 2722 "-" "Mozilla/5.0 (Macintosh; Intel Mac OS X 10_15_7)"
104.23.19.5 - - [24/Oct/2025:01:29:26 +0000] "GET /api/v1/user HTTP/1.1" 200 1356 "-" "python-requests/2.25.1"
3.14.159.26 - - [24/Oct/2025:01:29:54 +0000] "GET /assets/js/app.js HTTP/1.1" 404 2933 "-" "curl/7.68.0"
172.16.0.9 - - [24/Oct/2025:01:30:22 +0000] "GET /api/v1/user HTTP/1.1" 302 3956 "-" "curl/7.68.0"
3.14.159.26 - - [24/Oct/2025:01:30:44 +0000] "GET /assets/js/app.js HTTP/1.1" 200 3080 "-" "Mozilla/5.0 (Windows NT 10.0; Win64; x64)"
104.23.19.5 - - [24/Oct/2025:01:31:06 +0000] "GET /products HTTP/1.1" 200 897 "-" "python-requests/2.25.1"
198.51.100.23 - - [24/Oct/2025:01:31:08 +0000] "GET /api/v1/user HTTP/1.1" 404 3110 "-" "Wget/1.20.3 (linux-gnu)"
172.16.0.9 - - [24/Oct/2025:01:31:18 +0000] "GET /assets/js/app.js HTTP/1.1" 302 2799 "-" "Wget/1.20.3 (linux-gnu)"
10.0.0.5 - - [24/Oct/2025:01:31:41 +0000] "GET /assets/js/app.js HTTP/1.1" 200 4822 "-" "Mozilla/5.0 (Macintosh; Intel Mac OS X 10_15_7)"
104.23.19.5 - - [24/Oct/2025:01:32:00 +0000] "GET /api/v1/user HTTP/1.1" 200 2163 "-" "Mozilla/5.0 (Macintosh; Intel Mac OS X 10_15_7)"
203.0.113.45 - - [24/Oct/2025:01:32:17 +0000] "GET /index.html HTTP/1.1" 404 2919 "-" "curl/7.68.0"
203.0.113.45 - - [24/Oct/2025:01:32:37 +0000] "GET /index.html HTTP/1.1" 200 2693 "-" "Wget/1.20.3 (linux-gnu)"
3.14.159.26 - - [24/Oct/2025:01:32:49 +0000] "GET /home HTTP/1.1" 200 963 "-" "curl/7.68.0"
198.51.100.23 - - [24/Oct/2025:01:32:59 +0000] "GET /index.html HTTP/1.1" 200 673 "-" "Mozilla/5.0 (Windows NT 10.0; Win64; x64)"
10.0.0.5 - - [24/Oct/2025:01:33:23 +0000] "GET /contact HTTP/1.1" 302 387 "-" "python-requests/2.25.1"
54.210.11.5 - - [24/Oct/2025:01:33:27 +0000] "GET /products HTTP/1.1" 302 3188 "-" "Mozilla/5.0 (X11; Ubuntu; Linux x86_64)"
3.14.159.26 - - [24/Oct/2025:01:33:49 +0000] "GET /assets/js/app.js HTTP/1.1" 200 1891 "-" "python-requests/2.25.1"
172.16.0.9 - - [24/Oct/2025:01:33:58 +0000] "GET /home HTTP/1.1" 200 4869 "-" "Mozilla/5.0 (X11; Ubuntu; Linux x86_64)"
172.16.0.9 - - [24/Oct/2025:01:34:26 +0000] "GET /home HTTP/1.1" 200 3803 "-" "Mozilla/5.0 (Macintosh; Intel Mac OS X 10_15_7)"
104.23.19.5 - - [24/Oct/2025:01:34:42 +0000] "GET /api/v1/user HTTP/1.1" 500 3197 "-" "curl/7.68.0"
3.14.159.26 - - [24/Oct/2025:01:35:10 +0000] "GET /api/v1/order HTTP/1.1" 200 4503 "-" "Mozilla/5.0 (X11; Ubuntu; Linux x86_64)"
10.0.0.5 - - [24/Oct/2025:01:35:31 +0000] "GET /assets/js/app.js HTTP/1.1" 302 4078 "-" "Wget/1.20.3 (linux-gnu)"
104.23.19.5 - - [24/Oct/2025:01:35:41 +0000] "GET /index.html HTTP/1.1" 200 2250 "-" "Mozilla/5.0 (Macintosh; Intel Mac OS X 10_15_7)"
192.0.2.19 - - [24/Oct/2025:01:35:44 +0000] "GET /api/v1/order HTTP/1.1" 200 2892 "-" "curl/7.68.0"
10.0.0.5 - - [24/Oct/2025:01:36:02 +0000] "GET /login HTTP/1.1" 200 627 "-" "Wget/1.20.3 (linux-gnu)"
172.16.0.9 - - [24/Oct/2025:01:36:03 +0000] "GET /assets/js/app.js HTTP/1.1" 200 4144 "-" "python-requests/2.25.1"
198.51.100.23 - - [24/Oct/2025:01:36:28 +0000] "GET /products HTTP/1.1" 302 4209 "-" "curl/7.68.0"
198.51.100.23 - - [24/Oct/2025:01:36:42 +0000] "GET /assets/js/app.js HTTP/1.1" 200 1971 "-" "python-requests/2.25.1"
203.0.113.45 - - [24/Oct/2025:01:36:47 +0000] "GET /api/v1/order HTTP/1.1" 200 2488 "-" "python-requests/2.25.1"
104.23.19.5 - - [24/Oct/2025:01:37:09 +0000] "GET /login HTTP/1.1" 404 3383 "-" "python-requests/2.25.1"
203.0.113.45 - - [24/Oct/2025:01:37:18 +0000] "GET /login HTTP/1.1" 200 256 "-" "Mozilla/5.0 (Windows NT 10.0; Win64; x64)"
104.23.19.5 - - [24/Oct/2025:01:37:41 +0000] "GET /assets/js/app.js HTTP/1.1" 200 3760 "-" "python-requests/2.25.1"
54.210.11.5 - - [24/Oct/2025:01:37:58 +0000] "GET /assets/js/app.js HTTP/1.1" 200 3956 "-" "Mozilla/5.0 (Macintosh; Intel Mac OS X 10_15_7)"
203.0.113.45 - - [24/Oct/2025:01:38:16 +0000] "GET /assets/css/style.css HTTP/1.1" 302 4281 "-" "Wget/1.20.3 (linux-gnu)"
104.23.19.5 - - [24/Oct/2025:01:38:33 +0000] "GET /index.html HTTP/1.1" 200 2837 "-" "Mozilla/5.0 (Windows NT 10.0; Win64; x64)"
198.51.100.23 - - [24/Oct/2025:01:38:57 +0000] "GET /index.html HTTP/1.1" 200 4122 "-" "Mozilla/5.0 (Windows NT 10.0; Win64; x64)"
172.16.0.9 - - [24/Oct/2025:01:39:11 +0000] "GET /assets/css/style.css HTTP/1.1" 200 4432 "-" "python-requests/2.25.1"
198.51.100.23 - - [24/Oct/2025:01:39:21 +0000] "GET /products HTTP/1.1" 404 2215 "-" "Wget/1.20.3 (linux-gnu)"
10.0.0.5 - - [24/Oct/2025:01:39:45 +0000] "GET /home HTTP/1.1" 200 2715 "-" "curl/7.68.0"
192.0.2.19 - - [24/Oct/2025:01:40:13 +0000] "GET /index.html HTTP/1.1" 302 4561 "-" "Wget/1.20.3 (linux-gnu)"
198.51.100.23 - - [24/Oct/2025:01:40:19 +0000] "GET /index.html HTTP/1.1" 200 1533 "-" "curl/7.68.0"
198.51.100.23 - - [24/Oct/2025:01:40:43 +0000] "GET /index.html HTTP/1.1" 200 3295 "-" "Mozilla/5.0 (Macintosh; Intel Mac OS X 10_15_7)"
10.0.0.5 - - [24/Oct/2025:01:41:10 +0000] "GET /about HTTP/1.1" 200 4022 "-" "curl/7.68.0"
198.51.100.23 - - [24/Oct/2025:01:41:22 +0000] "GET /login HTTP/1.1" 302 4983 "-" "curl/7.68.0"
172.16.0.9 - - [24/Oct/2025:01:41:40 +0000] "GET /api/v1/order HTTP/1.1" 200 3421 "-" "Mozilla/5.0 (Windows NT 10.0; Win64; x64)"
198.51.100.23 - - [24/Oct/2025:01:41:52 +0000] "GET /home HTTP/1.1" 200 3704 "-" "Mozilla/5.0 (Windows NT 10.0; Win64; x64)"
192.0.2.19 - - [24/Oct/2025:01:42:09 +0000] "GET /contact HTTP/1.1" 200 4386 "-" "Mozilla/5.0 (X11; Ubuntu; Linux x86_64)"
172.16.0.9 - - [24/Oct/2025:01:42:37 +0000] "GET /api/v1/user HTTP/1.1" 200 1945 "-" "python-requests/2.25.1"
198.51.100.23 - - [24/Oct/2025:20:00:05 +0000] "GET /?id=1%20UNION%20SELECT%20NULL,NULL,NULL-- HTTP/1.1" 200 973 "-" "Wget/1.20.3 (linux-gnu)"
198.51.100.23 - - [24/Oct/2025:20:00:10 +0000] "GET /../../../../etc/passwd HTTP/1.1" 200 538 "-" "Mozilla/5.0 (Windows NT 10.0; Win64; x64)"
198.51.100.23 - - [24/Oct/2025:20:00:15 +0000] "GET /wp-login.php HTTP/1.1" 404 1171 "-" "Mozilla/5.0 (X11; Ubuntu; Linux x86_64)"
198.51.100.23 - - [24/Oct/2025:20:00:20 +0000] "GET /phpmyadmin/index.php HTTP/1.1" 404 482 "-" "Mozilla/5.0 (Windows NT 10.0; Win64; x64)"
198.51.100.23 - - [24/Oct/2025:20:00:25 +0000] "POST /login HTTP/1.1" 404 414 "-" "Mozilla/5.0 (Windows NT 10.0; Win64; x64)"
198.51.100.23 - - [24/Oct/2025:20:00:30 +0000] "GET /shell?cmd=id HTTP/1.1" 403 1179 "-" "Wget/1.20.3 (linux-gnu)"
198.51.100.23 - - [24/Oct/2025:20:00:35 +0000] "GET /admin/config.php HTTP/1.1" 200 1151 "-" "python-requests/2.25.1"
198.51.100.23 - - [24/Oct/2025:20:00:40 +0000] "GET /cgi-bin/test.cgi HTTP/1.1" 200 595 "-" "curl/7.68.0"
198.51.100.23 - - [24/Oct/2025:20:01:00 +0000] "GET /payload.sh HTTP/1.1" 200 532 "-" "curl/7.68.0"
203.0.113.45 - - [24/Oct/2025:01:43:04 +0000] "GET /index.html HTTP/1.1" 200 1527 "-" "Wget/1.20.3 (linux-gnu)"
104.23.19.5 - - [24/Oct/2025:01:43:33 +0000] "GET /assets/js/app.js HTTP/1.1" 302 635 "-" "curl/7.68.0"
203.0.113.45 - - [24/Oct/2025:01:44:02 +0000] "GET /login HTTP/1.1" 500 4394 "-" "Mozilla/5.0 (Macintosh; Intel Mac OS X 10_15_7)"
54.210.11.5 - - [24/Oct/2025:01:44:48 +0000] "GET /assets/css/style.css HTTP/1.1" 500 3523 "-" "curl/7.68.0"
104.23.19.5 - - [24/Oct/2025:01:45:11 +0000] "GET /assets/css/style.css HTTP/1.1" 200 5676 "-" "python-requests/2.25.1"
104.23.19.5 - - [24/Oct/2025:01:45:31 +0000] "GET /contact HTTP/1.1" 404 1664 "-" "curl/7.68.0"
3.14.159.26 - - [24/Oct/2025:01:45:56 +0000] "GET /index.html HTTP/1.1" 404 2337 "-" "curl/7.68.0"
172.16.0.9 - - [24/Oct/2025:01:46:44 +0000] "GET /assets/css/style.css HTTP/1.1" 302 4661 "-" "python-requests/2.25.1"
203.0.113.45 - - [24/Oct/2025:01:47:04 +0000] "GET /home HTTP/1.1" 200 345 "-" "curl/7.68.0"
10.0.0.5 - - [24/Oct/2025:01:47:52 +0000] "GET /home HTTP/1.1" 500 3639 "-" "Wget/1.20.3 (linux-gnu)"
192.0.2.19 - - [24/Oct/2025:01:48:03 +0000] "GET /assets/js/app.js HTTP/1.1" 404 308 "-" "Mozilla/5.0 (Windows NT 10.0; Win64; x64)"
10.0.0.5 - - [24/Oct/2025:01:48:39 +0000] "GET /api/v1/order HTTP/1.1" 500 5980 "-" "curl/7.68.0"
104.23.19.5 - - [24/Oct/2025:01:49:15 +0000] "GET /api/v1/user HTTP/1.1" 200 484 "-" "python-requests/2.25.1"
192.0.2.19 - - [24/Oct/2025:01:49:54 +0000] "GET /home HTTP/1.1" 500 855 "-" "Wget/1.20.3 (linux-gnu)"
172.16.0.9 - - [24/Oct/2025:01:50:24 +0000] "GET /assets/css/style.css HTTP/1.1" 302 3900 "-" "Mozilla/5.0 (X11; Ubuntu; Linux x86_64)"
3.14.159.26 - - [24/Oct/2025:01:50:59 +0000] "GET /about HTTP/1.1" 302 1541 "-" "python-requests/2.25.1"
198.51.100.23 - - [24/Oct/2025:01:51:49 +0000] "GET /home HTTP/1.1" 302 5054 "-" "Mozilla/5.0 (Macintosh; Intel Mac OS X 10_15_7)"
