203.0.113.45 - - [24/Oct/2025:01:52:05 +0000] "GET /assets/js/app.js HTTP/1.1" 200 5959 "-" "Wget/1.20.3 (linux-gnu)"
10.0.0.5 - - [24/Oct/2025:01:52:46 +0000] "GET /login HTTP/1.1" 404 859 "-" "Wget/1.20.3 (linux-gnu)"
192.0.2.19 - - [24/Oct/2025:01:53:25 +0000] "GET /api/v1/user HTTP/1.1" 500 3645 "-" "Wget/1.20.3 (linux-gnu)"
3.14.159.26 - - [24/Oct/2025:01:53:45 +0000] "GET /home HTTP/1.1" 500 2207 "-" "Mozilla/5.0 (Macintosh; Intel Mac OS X 10_15_7)"
3.14.159.26 - - [24/Oct/2025:01:54:13 +0000] "GET /assets/css/style.css HTTP/1.1" 200 5512 "-" "Wget/1.20.3 (linux-gnu)"
198.51.100.23 - - [24/Oct/2025:01:54:59 +0000] "GET /api/v1/user HTTP/1.1" 404 1695 "-" "Mozilla/5.0 (Macintosh; Intel Mac OS X 10_15_7)"
203.0.113.45 - - [24/Oct/2025:01:55:45 +0000] "GET /api/v1/user HTTP/1.1" 500 478 "-" "Mozilla/5.0 (X11; Ubuntu; Linux x86_64)"
54.210.11.5 - - [24/Oct/2025:01:56:29 +0000] "GET /assets/css/style.css HTTP/1.1" 500 597 "-" "Wget/1.20.3 (linux-gnu)"
203.0.113.45 - - [24/Oct/2025:01:56:40 +0000] "GET /login HTTP/1.1" 404 4760 "-" "Mozilla/5.0 (Windows NT 10.0; Win64; x64)"
3.14.159.26 - - [24/Oct/2025:01:57:19 +0000] "GET /about HTTP/1.1" 500 2902 "-" "Mozilla/5.0 (Macintosh; Intel Mac OS X 10_15_7)"
54.210.11.5 - - [24/Oct/2025:01:57:55 +0000] "GET /assets/js/app.js HTTP/1.1" 200 1425 "-" "Wget/1.20.3 (linux-gnu)"
54.210.11.5 - - [24/Oct/2025:01:58:05 +0000] "GET /home HTTP/1.1" 404 3464 "-" "curl/7.68.0"
54.210.11.5 - - [24/Oct/2025:01:58:26 +0000] "GET /about HTTP/1.1" 404 1380 "-" "Wget/1.20.3 (linux-gnu)"
198.51.100.23 - - [24/Oct/2025:01:59:05 +0000] "GET /api/v1/user HTTP/1.1" 500 3926 "-" "Mozilla/5.0 (X11; Ubuntu; Linux x86_64)"
3.14.159.26 - - [24/Oct/2025:01:59:20 +0000] "GET /about HTTP/1.1" 404 5491 "-" "Mozilla/5.0 (Windows NT 10.0; Win64; x64)"
198.51.100.23 - - [24/Oct/2025:01:59:54 +0000] "GET /products HTTP/1.1" 302 2760 "-" "Mozilla/5.0 (Windows NT 10.0; Win64; x64)"
203.0.113.45 - - [24/Oct/2025:02:00:41 +0000] "GET /contact HTTP/1.1" 302 5127 "-" "python-requests/2.25.1"
192.0.2.19 - - [24/Oct/2025:02:01:15 +0000] "GET /home HTTP/1.1" 302 1200 "-" "python-requests/2.25.1"
192.0.2.19 - - [24/Oct/2025:02:01:55 +0000] "GET /home HTTP/1.1" 404 3169 "-" "Wget/1.20.3 (linux-gnu)"
198.51.100.23 - - [24/Oct/2025:02:02:41 +0000] "GET /login HTTP/1.1" 404 3055 "-" "Mozilla/5.0 (X11; Ubuntu; Linux x86_64)"
3.14.159.26 - - [24/Oct/2025:02:03:30 +0000] "GET /assets/css/style.css HTTP/1.1" 500 1339 "-" "curl/7.68.0"
192.0.2.19 - - [24/Oct/2025:02:04:17 +0000] "GET /login HTTP/1.1" 500 2749 "-" "Mozilla/5.0 (Windows NT 10.0; Win64; x64)"
104.23.19.5 - - [24/Oct/2025:02:05:07 +0000] "GET /api/v1/user HTTP/1.1" 302 3892 "-" "python-requests/2.25.1"
10.0.0.5 - - [24/Oct/2025:02:05:17 +0000] "GET /home HTTP/1.1" 404 2210 "-" "Wget/1.20.3 (linux-gnu)"
104.23.19.5 - - [24/Oct/2025:02:06:04 +0000] "GET /assets/css/style.css HTTP/1.1" 404 4680 "-" "Mozilla/5.0 (X11; Ubuntu; Linux x86_64)"
192.0.2.19 - - [24/Oct/2025:02:06:44 +0000] "GET /home HTTP/1.1" 500 2914 "-" "Mozilla/5.0 (X11; Ubuntu; Linux x86_64)"
104.23.19.5 - - [24/Oct/2025:02:07:16 +0000] "GET /api/v1/order HTTP/1.1" 302 1823 "-" "Mozilla/5.0 (Macintosh; Intel Mac OS X 10_15_7)"
198.51.100.23 - - [24/Oct/2025:02:07:57 +0000] "GET /about HTTP/1.1" 404 5492 "-" "Mozilla/5.0 (Macintosh; Intel Mac OS X 10_15_7)"
198.51.100.23 - - [24/Oct/2025:02:08:39 +0000] "GET /assets/js/app.js HTTP/1.1" 404 4771 "-" "python-requests/2.25.1"
172.16.0.9 - - [24/Oct/2025:02:09:13 +0000] "GET /home HTTP/1.1" 500 2848 "-" "curl/7.68.0"
203.0.113.45 - - [24/Oct/2025:02:09:32 +0000] "GET /login HTTP/1.1" 500 4001 "-" "Mozilla/5.0 (X11; Ubuntu; Linux x86_64)"
10.0.0.5 - - [24/Oct/2025:02:10:22 +0000] "GET /login HTTP/1.1" 200 4835 "-" "Mozilla/5.0 (Windows NT 10.0; Win64; x64)"
104.23.19.5 - - [24/Oct/2025:02:10:39 +0000] "GET /api/v1/user HTTP/1.1" 404 1824 "-" "Mozilla/5.0 (Windows NT 10.0; Win64; x64)"
10.0.0.5 - - [24/Oct/2025:02:11:04 +0000] "GET /login HTTP/1.1" 200 1704 "-" "Mozilla/5.0 (Windows NT 10.0; Win64; x64)"
192.0.2.19 - - [24/Oct/2025:02:11:21 +0000] "GET /assets/css/style.css HTTP/1.1" 302 2566 "-" "Mozilla/5.0 (Macintosh; Intel Mac OS X 10_15_7)"
203.0.113.45 - - [24/Oct/2025:02:11:49 +0000] "GET /index.html HTTP/1.1" 302 4792 "-" "Mozilla/5.0 (Windows NT 10.0; Win64; x64)"
192.0.2.19 - - [24/Oct/2025:02:12:15 +0000] "GET /api/v1/order HTTP/1.1" 302 3015 "-" "Wget/1.20.3 (linux-gnu)"
198.51.100.23 - - [24/Oct/2025:02:12:45 +0000] "GET /about HTTP/1.1" 302 2473 "-" "Mozilla/5.0 (Macintosh; Intel Mac OS X 10_15_7)"
203.0.113.45 - - [24/Oct/2025:02:13:01 +0000] "GET /about HTTP/1.1" 200 1920 "-" "Mozilla/5.0 (Macintosh; Intel Mac OS X 10_15_7)"
203.0.113.45 - - [24/Oct/2025:02:13:50 +0000] "GET /contact HTTP/1.1" 302 4296 "-" "python-requests/2.25.1"
198.51.100.23 - - [24/Oct/2025:02:14:30 +0000] "GET /home HTTP/1.1" 404 3274 "-" "Mozilla/5.0 (X11; Ubuntu; Linux x86_64)"
54.210.11.5 - - [24/Oct/2025:02:14:45 +0000] "GET /assets/js/app.js HTTP/1.1" 404 4982 "-" "Mozilla/5.0 (X11; Ubuntu; Linux x86_64)"
10.0.0.5 - - [24/Oct/2025:02:15:03 +0000] "GET /about HTTP/1.1" 200 2531 "-" "Mozilla/5.0 (Windows NT 10.0; Win64; x64)"
3.14.159.26 - - [24/Oct/2025:02:15:40 +0000] "GET /about HTTP/1.1" 500 704 "-" "Wget/1.20.3 (linux-gnu)"
3.14.159.26 - - [24/Oct/2025:02:16:25 +0000] "GET /assets/css/style.css HTTP/1.1" 302 2460 "-" "Wget/1.20.3 (linux-gnu)"
104.23.19.5 - - [24/Oct/2025:02:16:35 +0000] "GET /about HTTP/1.1" 200 5814 "-" "curl/7.68.0"
198.51.100.23 - - [24/Oct/2025:02:17:19 +0000] "GET /login HTTP/1.1" 200 2989 "-" "Mozilla/5.0 (Macintosh; Intel Mac OS X 10_15_7)"
203.0.113.45 - - [24/Oct/2025:02:18:09 +0000] "GET /contact HTTP/1.1" 302 4125 "-" "Mozilla/5.0 (Windows NT 10.0; Win64; x64)"
203.0.113.45 - - [24/Oct/2025:02:18:38 +0000] "GET /index.html HTTP/1.1" 200 1574 "-" "Mozilla/5.0 (Macintosh; Intel Mac OS X 10_15_7)"
203.0.113.45 - - [24/Oct/2025:02:19:26 +0000] "GET /about HTTP/1.1" 500 1514 "-" "python-requests/2.25.1"
104.23.19.5 - - [24/Oct/2025:02:19:54 +0000] "GET /about HTTP/1.1" 404 2203 "-" "Wget/1.20.3 (linux-gnu)"
172.16.0.9 - - [24/Oct/2025:02:20:17 +0000] "GET /home HTTP/1.1" 200 5948 "-" "Mozilla/5.0 (Windows NT 10.0; Win64; x64)"
54.210.11.5 - - [24/Oct/2025:02:20:28 +0000] "GET /index.html HTTP/1.1" 404 4533 "-" "Wget/1.20.3 (linux-gnu)"
192.0.2.19 - - [24/Oct/2025:02:20:51 +0000] "GET /api/v1/order HTTP/1.1" 200 1425 "-" "Mozilla/5.0 (Windows NT 10.0; Win64; x64)"
54.210.11.5 - - [24/Oct/2025:02:21:31 +0000] "GET /assets/css/style.css HTTP/1.1" 302 2817 "-" "Wget/1.20.3 (linux-gnu)"
172.16.0.9 - - [24/Oct/2025:02:22:08 +0000] "GET /assets/js/app.js HTTP/1.1" 500 2402 "-" "python-requests/2.25.1"
3.14.159.26 - - [24/Oct/2025:02:22:34 +0000] "GET /assets/css/style.css HTTP/1.1" 404 571 "-" "Mozilla/5.0 (Macintosh; Intel Mac OS X 10_15_7)"
54.210.11.5 - - [24/Oct/2025:02:23:22 +0000] "GET /index.html HTTP/1.1" 302 2940 "-" "python-requests/2.25.1"
192.0.2.19 - - [24/Oct/2025:02:23:51 +0000] "GET /login HTTP/1.1" 404 2953 "-" "Mozilla/5.0 (X11; Ubuntu; Linux x86_64)"
104.23.19.5 - - [24/Oct/2025:02:24:12 +0000] "GET /assets/js/app.js HTTP/1.1" 302 5012 "-" "Mozilla/5.0 (X11; Ubuntu; Linux x86_64)"
203.0.113.45 - - [24/Oct/2025:02:24:40 +0000] "GET /contact HTTP/1.1" 404 3910 "-" "curl/7.68.0"
192.0.2.19 - - [24/Oct/2025:02:25:10 +0000] "GET /assets/css/style.css HTTP/1.1" 200 5339 "-" "Mozilla/5.0 (Windows NT 10.0; Win64; x64)"
198.51.100.23 - - [24/Oct/2025:02:25:58 +0000] "GET /assets/js/app.js HTTP/1.1" 200 2477 "-" "curl/7.68.0"
104.23.19.5 - - [24/Oct/2025:02:26:43 +0000] "GET /contact HTTP/1.1" 404 2761 "-" "Mozilla/5.0 (X11; Ubuntu; Linux x86_64)"
54.210.11.5 - - [24/Oct/2025:02:27:17 +0000] "GET /index.html HTTP/1.1" 404 3037 "-" "python-requests/2.25.1"
10.0.0.5 - - [24/Oct/2025:02:27:54 +0000] "GET /home HTTP/1.1" 200 4574 "-" "Mozilla/5.0 (Windows NT 10.0; Win64; x64)"
198.51.100.23 - - [24/Oct/2025:02:28:07 +0000] "GET /assets/css/style.css HTTP/1.1" 404 4475 "-" "curl/7.68.0"
192.0.2.19 - - [24/Oct/2025:02:28:57 +0000] "GET /assets/css/style.css HTTP/1.1" 404 3305 "-" "Mozilla/5.0 (Windows NT 10.0; Win64; x64)"
192.0.2.19 - - [24/Oct/2025:02:29:33 +0000] "GET /contact HTTP/1.1" 404 2981 "-" "Mozilla/5.0 (Macintosh; Intel Mac OS X 10_15_7)"
54.210.11.5 - - [24/Oct/2025:02:30:09 +0000] "GET /contact HTTP/1.1" 302 4970 "-" "Mozilla/5.0 (Windows NT 10.0; Win64; x64)"
192.0.2.19 - - [24/Oct/2025:02:30:20 +0000] "GET /index.html HTTP/1.1" 500 2051 "-" "Wget/1.20.3 (linux-gnu)"
198.51.100.23 - - [24/Oct/2025:02:30:37 +0000] "GET /assets/css/style.css HTTP/1.1" 200 1311 "-" "Mozilla/5.0 (X11; Ubuntu; Linux x86_64)"
172.16.0.9 - - [24/Oct/2025:02:31:01 +0000] "GET /home HTTP/1.1" 404 3111 "-" "Mozilla/5.0 (Windows NT 10.0; Win64; x64)"
54.210.11.5 - - [24/Oct/2025:02:31:19 +0000] "GET /login HTTP/1.1" 200 3971 "-" "Mozilla/5.0 (X11; Ubuntu; Linux x86_64)"
172.16.0.9 - - [24/Oct/2025:02:31:40 +0000] "GET /assets/css/style.css HTTP/1.1" 302 4495 "-" "curl/7.68.0"
54.210.11.5 - - [24/Oct/2025:02:32:28 +0000] "GET /assets/js/app.js HTTP/1.1" 200 2389 "-" "Mozilla/5.0 (Macintosh; Intel Mac OS X 10_15_7)"
172.16.0.9 - - [24/Oct/2025:02:32:50 +0000] "GET /assets/js/app.js HTTP/1.1" 404 1561 "-" "Wget/1.20.3 (linux-gnu)"
198.51.100.23 - - [24/Oct/2025:02:33:09 +0000] "GET /contact HTTP/1.1" 500 865 "-" "Mozilla/5.0 (Macintosh; Intel Mac OS X 10_15_7)"
198.51.100.23 - - [24/Oct/2025:02:33:38 +0000] "GET /contact HTTP/1.1" 500 1315 "-" "Mozilla/5.0 (X11; Ubuntu; Linux x86_64)"
198.51.100.23 - - [24/Oct/2025:02:33:53 +0000] "GET /contact HTTP/1.1" 500 1885 "-" "Mozilla/5.0 (Windows NT 10.0; Win64; x64)"
192.0.2.19 - - [24/Oct/2025:02:34:28 +0000] "GET /api/v1/user HTTP/1.1" 302 4737 "-" "Mozilla/5.0 (Windows NT 10.0; Win64; x64)"
192.0.2.19 - - [24/Oct/2025:02:35:00 +0000] "GET /api/v1/order HTTP/1.1" 302 5928 "-" "Wget/1.20.3 (linux-gnu)"
203.0.113.45 - - [24/Oct/2025:02:35:23 +0000] "GET /contact HTTP/1.1" 200 1505 "-" "Mozilla/5.0 (X11; Ubuntu; Linux x86_64)"
198.51.100.23 - - [24/Oct/2025:02:36:08 +0000] "GET /contact HTTP/1.1" 302 3310 "-" "python-requests/2.25.1"
54.210.11.5 - - [24/Oct/2025:02:36:20 +0000] "GET /products HTTP/1.1" 500 1327 "-" "Mozilla/5.0 (Windows NT 10.0; Win64; x64)"
192.0.2.19 - - [24/Oct/2025:02:37:10 +0000] "GET /home HTTP/1.1" 200 4496 "-" "python-requests/2.25.1"
3.14.159.26 - - [24/Oct/2025:02:37:44 +0000] "GET /products HTTP/1.1" 404 482 "-" "Wget/1.20.3 (linux-gnu)"
192.0.2.19 - - [24/Oct/2025:02:38:04 +0000] "GET /login HTTP/1.1" 200 3376 "-" "Mozilla/5.0 (Windows NT 10.0; Win64; x64)"
172.16.0.9 - - [24/Oct/2025:02:38:44 +0000] "GET /api/v1/user HTTP/1.1" 404 333 "-" "Mozilla/5.0 (Macintosh; Intel Mac OS X 10_15_7)"
203.0.113.45 - - [24/Oct/2025:02:38:58 +0000] "GET /index.html HTTP/1.1" 302 310 "-" "Mozilla/5.0 (X11; Ubuntu; Linux x86_64)"
10.0.0.5 - - [24/Oct/2025:02:39:21 +0000] "GET /about HTTP/1.1" 404 4443 "-" "Mozilla/5.0 (Windows NT 10.0; Win64; x64)"
104.23.19.5 - - [24/Oct/2025:02:39:38 +0000] "GET /login HTTP/1.1" 200 4532 "-" "Mozilla/5.0 (Macintosh; Intel Mac OS X 10_15_7)"
198.51.100.23 - - [24/Oct/2025:02:40:13 +0000] "GET /login HTTP/1.1" 500 5364 "-" "Mozilla/5.0 (Windows NT 10.0; Win64; x64)"
3.14.159.26 - - [24/Oct/2025:02:40:26 +0000] "GET /assets/css/style.css HTTP/1.1" 500 3709 "-" "curl/7.68.0"
3.14.159.26 - - [24/Oct/2025:02:40:48 +0000] "GET /api/v1/order HTTP/1.1" 200 4047 "-" "python-requests/2.25.1"
104.23.19.5 - - [24/Oct/2025:02:41:31 +0000] "GET /api/v1/order HTTP/1.1" 500 3915 "-" "Wget/1.20.3 (linux-gnu)"
3.14.159.26 - - [24/Oct/2025:02:42:06 +0000] "GET /about HTTP/1.1" 200 2255 "-" "python-requests/2.25.1"
198.51.100.23 - - [24/Oct/2025:02:42:31 +0000] "GET /api/v1/user HTTP/1.1" 200 3072 "-" "Mozilla/5.0 (Macintosh; Intel Mac OS X 10_15_7)"
203.0.113.45 - - [24/Oct/2025:02:43:02 +0000] "GET /api/v1/user HTTP/1.1" 302 5871 "-" "python-requests/2.25.1"
104.23.19.5 - - [24/Oct/2025:02:43:51 +0000] "GET /api/v1/user HTTP/1.1" 500 5674 "-" "Mozilla/5.0 (Windows NT 10.0; Win64; x64)"
3.14.159.26 - - [24/Oct/2025:02:44:11 +0000] "GET /contact HTTP/1.1" 500 5873 "-" "python-requests/2.25.1"
3.14.159.26 - - [24/Oct/2025:02:44:22 +0000] "GET /contact HTTP/1.1" 302 2371 "-" "curl/7.68.0"
3.14.159.26 - - [24/Oct/2025:02:45:01 +0000] "GET /about HTTP/1.1" 200 537 "-" "python-requests/2.25.1"
