Oct 24 00:01:26 webserver-01 sshd[2028]: Failed password for oracle from 198.51.100.23 port 10168 ssh2
Oct 24 00:02:40 webserver-01 sshd[2022]: Failed password for admin from 198.51.100.23 port 15352 ssh2
Oct 24 00:04:02 webserver-01 sshd[2006]: Failed password for user from 198.51.100.23 port 30463 ssh2
Oct 24 00:04:07 webserver-01 sshd[2194]: pam_unix(sshd:auth): authentication failure; logname= uid=0 euid=0 tty=ssh ruser= rhost=192.0.2.19  user=svc
Oct 24 00:04:47 webserver-01 sshd[2039]: Failed password for invalid user postgres from 198.51.100.23 port 25922 ssh2
Oct 24 00:05:36 webserver-01 sshd[2154]: Failed password for invalid user admin from 203.0.113.45 port 36166 ssh2
Oct 24 00:06:29 webserver-01 sshd[2020]: Failed password for webadmin from 10.0.0.5 port 24724 ssh2
Oct 24 00:06:42 webserver-01 sshd[2011]: Accepted password for deploy from 198.51.100.23 port 6253 ssh2
Oct 24 00:07:16 webserver-01 sshd[2025]: Failed password for invalid user guest from 203.0.113.45 port 24933 ssh2
Oct 24 00:08:06 webserver-01 sshd[2053]: Accepted password for git from 3.14.159.26 port 43493 ssh2
Oct 24 00:08:20 webserver-01 sshd[2155]: Accepted password for oracle from 10.0.0.5 port 11732 ssh2
Oct 24 00:09:24 webserver-01 sshd[2097]: Failed password for user from 198.51.100.23 port 22276 ssh2
Oct 24 00:09:36 webserver-01 sshd[2058]: pam_unix(sshd:auth): authentication failure; logname= uid=0 euid=0 tty=ssh ruser= rhost=10.0.0.5  user=postgres
Oct 24 00:10:15 webserver-01 sshd[2016]: Failed password for webadmin from 10.0.0.5 port 21646 ssh2
Oct 24 00:11:23 webserver-01 sshd[2101]: Received disconnect from 203.0.113.45 port 18383: 11: Bye Bye [preauth]
Oct 24 00:11:45 webserver-01 sshd[2063]: Accepted password for oracle from 198.51.100.23 port 39335 ssh2
Oct 24 00:12:44 webserver-01 sshd[2149]: Failed password for backup from 3.14.159.26 port 10089 ssh2
Oct 24 00:13:00 webserver-01 sshd[2193]: Failed password for root from 198.51.100.23 port 11508 ssh2
Oct 24 00:13:59 webserver-01 sshd[2152]: Failed password for svc from 203.0.113.45 port 31698 ssh2
Oct 24 00:15:14 webserver-01 sshd[2002]: Accepted password for admin from 10.0.0.5 port 36214 ssh2
Oct 24 00:15:53 webserver-01 sshd[2196]: Accepted password for admin from 198.51.100.23 port 11389 ssh2
Oct 24 00:16:56 webserver-01 sshd[2000]: Did not receive identification string from 172.16.0.9 port 50959
Oct 24 00:17:23 webserver-01 sshd[2129]: Did not receive identification string from 3.14.159.26 port 42898
Oct 24 00:18:32 webserver-01 sshd[2155]: Failed password for postgres from 192.0.2.19 port 36372 ssh2
Oct 24 00:19:44 webserver-01 sshd[2000]: Failed password for guest from 198.51.100.23 port 61913 ssh2
Oct 24 00:20:28 webserver-01 sshd[2061]: Failed password for webadmin from 54.210.11.5 port 6637 ssh2
Oct 24 00:20:41 webserver-01 sshd[2194]: Failed password for test from 198.51.100.23 port 32172 ssh2
Oct 24 00:21:07 webserver-01 sshd[2067]: Failed password for webadmin from 198.51.100.23 port 14904 ssh2
Oct 24 00:21:37 webserver-01 sshd[2182]: Failed password for postgres from 198.51.100.23 port 34943 ssh2
Oct 24 00:22:13 webserver-01 sshd[2057]: Failed password for admin from 203.0.113.45 port 16104 ssh2
Oct 24 00:22:18 webserver-01 sshd[2018]: Accepted password for root from 198.51.100.23 port 60361 ssh2
Oct 24 00:22:27 webserver-01 sshd[2084]: Failed password for backup from 198.51.100.23 port 32836 ssh2
Oct 24 00:22:48 webserver-01 sshd[2185]: Received disconnect from 203.0.113.45 port 52444: 11: Bye Bye [preauth]
Oct 24 00:23:53 webserver-01 sshd[2104]: Failed password for root from 203.0.113.45 port 24243 ssh2
Oct 24 00:24:57 webserver-01 sshd[2186]: Failed password for root from 198.51.100.23 port 48748 ssh2
Oct 24 00:25:15 webserver-01 sshd[2063]: Failed password for invalid user user from 198.51.100.23 port 28672 ssh2
Oct 24 00:26:19 webserver-01 sshd[2063]: pam_unix(sshd:auth): authentication failure; logname= uid=0 euid=0 tty=ssh ruser= rhost=10.0.0.5  user=root
Oct 24 00:27:34 webserver-01 sshd[2025]: Failed password for invalid user user from 192.0.2.19 port 64528 ssh2
Oct 24 00:28:09 webserver-01 sshd[2042]: Failed password for guest from 198.51.100.23 port 27306 ssh2
Oct 24 00:28:35 webserver-01 sshd[2097]: Failed password for svc from 198.51.100.23 port 52408 ssh2
Oct 24 00:29:16 webserver-01 sshd[2108]: Accepted password for git from 3.14.159.26 port 37446 ssh2
Oct 24 00:30:45 webserver-01 sshd[2183]: Failed password for invalid user backup from 198.51.100.23 port 64509 ssh2
Oct 24 00:31:59 webserver-01 sshd[2015]: Accepted password for root from 198.51.100.23 port 32270 ssh2
Oct 24 00:33:08 webserver-01 sshd[2135]: Failed password for invalid user user from 198.51.100.23 port 13202 ssh2
Oct 24 00:33:21 webserver-01 sshd[2172]: pam_unix(sshd:auth): authentication failure; logname= uid=0 euid=0 tty=ssh ruser= rhost=198.51.100.23  user=svc
Oct 24 00:34:38 webserver-01 sshd[2063]: Failed password for admin from 203.0.113.45 port 28498 ssh2
Oct 24 00:35:55 webserver-01 sshd[2133]: Failed password for oracle from 198.51.100.23 port 47960 ssh2
Oct 24 00:36:33 webserver-01 sshd[2101]: Failed password for oracle from 198.51.100.23 port 61908 ssh2
Oct 24 00:36:47 webserver-01 sshd[2002]: Failed password for webadmin from 3.14.159.26 port 5825 ssh2
Oct 24 00:37:56 webserver-01 sshd[2067]: Failed password for postgres from 10.0.0.5 port 58647 ssh2
Oct 24 00:38:37 webserver-01 sshd[2040]: Failed password for user from 203.0.113.45 port 41110 ssh2
Oct 24 00:40:05 webserver-01 sshd[2135]: Failed password for invalid user user from 198.51.100.23 port 44499 ssh2
Oct 24 00:40:27 webserver-01 sshd[2067]: Failed password for root from 203.0.113.45 port 11211 ssh2
Oct 24 00:41:49 webserver-01 sshd[2053]: Accepted password for ec2-user from 10.0.0.5 port 56920 ssh2
Oct 24 00:42:27 webserver-01 sshd[2129]: Failed password for admin from 198.51.100.23 port 28783 ssh2
Oct 24 00:42:37 webserver-01 sshd[2000]: Failed password for invalid user test from 203.0.113.45 port 18191 ssh2
Oct 24 00:43:38 webserver-01 sshd[2141]: Accepted password for oracle from 198.51.100.23 port 5955 ssh2
Oct 24 00:44:02 webserver-01 sshd[2139]: Failed password for postgres from 203.0.113.45 port 10729 ssh2
Oct 24 00:44:12 webserver-01 sshd[2078]: Failed password for admin from 10.0.0.5 port 14791 ssh2
Oct 24 00:45:42 webserver-01 sshd[2026]: Failed password for user from 10.0.0.5 port 27656 ssh2
Oct 24 00:46:06 webserver-01 sshd[2060]: pam_unix(sshd:auth): authentication failure; logname= uid=0 euid=0 tty=ssh ruser= rhost=10.0.0.5  user=test
Oct 24 00:46:14 webserver-01 sshd[2045]: Accepted password for backup from 172.16.0.9 port 28006 ssh2
Oct 24 00:47:44 webserver-01 sshd[2188]: pam_unix(sshd:auth): authentication failure; logname= uid=0 euid=0 tty=ssh ruser= rhost=203.0.113.45  user=oracle
Oct 24 00:48:02 webserver-01 sshd[2097]: pam_unix(sshd:auth): authentication failure; logname= uid=0 euid=0 tty=ssh ruser= rhost=203.0.113.45  user=guest
Oct 24 00:48:32 webserver-01 sshd[2117]: Failed password for invalid user backup from 198.51.100.23 port 44279 ssh2
Oct 24 00:49:19 webserver-01 sshd[2071]: pam_unix(sshd:auth): authentication failure; logname= uid=0 euid=0 tty=ssh ruser= rhost=192.0.2.19  user=oracle
Oct 24 00:50:46 webserver-01 sshd[2130]: Failed password for invalid user user from 198.51.100.23 port 2832 ssh2
Oct 24 00:51:24 webserver-01 sshd[2045]: Failed password for oracle from 198.51.100.23 port 40120 ssh2
Oct 24 00:52:09 webserver-01 sshd[2111]: Accepted password for oracle from 198.51.100.23 port 59973 ssh2
Oct 24 00:53:27 webserver-01 sshd[2048]: Failed password for svc from 198.51.100.23 port 61682 ssh2
Oct 24 00:54:57 webserver-01 sshd[2050]: Failed password for root from 54.210.11.5 port 61367 ssh2
Oct 24 00:55:42 webserver-01 sshd[2169]: pam_unix(sshd:auth): authentication failure; logname= uid=0 euid=0 tty=ssh ruser= rhost=172.16.0.9  user=oracle
Oct 24 00:56:26 webserver-01 sshd[2170]: Failed password for invalid user svc from 203.0.113.45 port 37357 ssh2
Oct 24 00:57:24 webserver-01 sshd[2170]: Connection closed by 172.16.0.9 port 38320 [preauth]
Oct 24 00:58:07 webserver-01 sshd[2103]: Failed password for admin from 198.51.100.23 port 14798 ssh2
Oct 24 00:59:26 webserver-01 sshd[2155]: Accepted password for support from 203.0.113.45 port 45301 ssh2
Oct 24 00:59:58 webserver-01 sshd[2130]: Failed password for test from 203.0.113.45 port 19622 ssh2
Oct 24 01:01:24 webserver-01 sshd[2158]: Failed password for backup from 203.0.113.45 port 15746 ssh2
Oct 24 01:01:47 webserver-01 sshd[2006]: Failed password for invalid user guest from 203.0.113.45 port 51387 ssh2
Oct 24 01:02:45 webserver-01 sshd[2161]: Failed password for invalid user svc from 198.51.100.23 port 17013 ssh2
Oct 24 01:02:50 webserver-01 sshd[2192]: pam_unix(sshd:auth): authentication failure; logname= uid=0 euid=0 tty=ssh ruser= rhost=3.14.159.26  user=root
Oct 24 01:03:49 webserver-01 sshd[2056]: Failed password for user from 198.51.100.23 port 37554 ssh2
Oct 24 01:04:09 webserver-01 sshd[2116]: Failed password for guest from 203.0.113.45 port 37653 ssh2
Oct 24 01:05:10 webserver-01 sshd[2156]: pam_unix(sshd:auth): authentication failure; logname= uid=0 euid=0 tty=ssh ruser= rhost=10.0.0.5  user=user
Oct 24 01:06:25 webserver-01 sshd[2114]: Received disconnect from 10.0.0.5 port 18010: 11: Bye Bye [preauth]
Oct 24 01:07:01 webserver-01 sshd[2163]: Failed password for user from 198.51.100.23 port 16703 ssh2
Oct 24 01:07:15 webserver-01 sshd[2182]: Failed password for oracle from 198.51.100.23 port 59549 ssh2
Oct 24 01:07:37 webserver-01 sshd[2038]: Failed password for test from 203.0.113.45 port 5233 ssh2
Oct 24 01:08:24 webserver-01 sshd[2138]: Failed password for admin from 198.51.100.23 port 28558 ssh2
Oct 24 01:09:43 webserver-01 sshd[2178]: Failed password for webadmin from 198.51.100.23 port 1410 ssh2
Oct 24 01:10:26 webserver-01 sshd[2192]: Failed password for svc from 203.0.113.45 port 49168 ssh2
Oct 24 01:11:48 webserver-01 sshd[2056]: Failed password for oracle from 198.51.100.23 port 2926 ssh2
Oct 24 01:13:18 webserver-01 sshd[2173]: pam_unix(sshd:auth): authentication failure; logname= uid=0 euid=0 tty=ssh ruser= rhost=3.14.159.26  user=test
Oct 24 01:14:22 webserver-01 sshd[2032]: Invalid user svc from 172.16.0.9
Oct 24 01:15:39 webserver-01 sshd[2169]: Failed password for invalid user svc from 198.51.100.23 port 31281 ssh2
Oct 24 01:16:17 webserver-01 sshd[2097]: Failed password for guest from 198.51.100.23 port 50911 ssh2
Oct 24 01:16:57 webserver-01 sshd[2192]: Received disconnect from 192.0.2.19 port 55740: 11: Bye Bye [preauth]
Oct 24 01:17:12 webserver-01 sshd[2120]: Failed password for user from 198.51.100.23 port 63409 ssh2
Oct 24 01:18:40 webserver-01 sshd[2017]: pam_unix(sshd:auth): authentication failure; logname= uid=0 euid=0 tty=ssh ruser= rhost=3.14.159.26  user=admin
Oct 24 01:18:48 webserver-01 sshd[2063]: Failed password for invalid user admin from 203.0.113.45 port 16657 ssh2
Oct 24 01:20:18 webserver-01 sshd[2029]: Failed password for backup from 198.51.100.23 port 17817 ssh2
Oct 24 01:20:44 webserver-01 sshd[2155]: Accepted password for git from 10.0.0.5 port 51997 ssh2
Oct 24 01:21:09 webserver-01 sshd[2079]: Failed password for admin from 172.16.0.9 port 38759 ssh2
Oct 24 01:22:02 webserver-01 sshd[2101]: Connection closed by 198.51.100.23 port 39827 [preauth]
Oct 24 01:23:27 webserver-01 sshd[2062]: Failed password for oracle from 10.0.0.5 port 40372 ssh2
Oct 24 01:24:44 webserver-01 sshd[2200]: Failed password for invalid user user from 198.51.100.23 port 25309 ssh2
Oct 24 01:26:11 webserver-01 sshd[2087]: Failed password for svc from 192.0.2.19 port 7940 ssh2
Oct 24 01:27:02 webserver-01 sshd[2162]: Received disconnect from 54.210.11.5 port 11050: 11: Bye Bye [preauth]
Oct 24 01:28:02 webserver-01 sshd[2045]: Accepted password for www-data from 198.51.100.23 port 53990 ssh2
Oct 24 01:29:15 webserver-01 sshd[2198]: Failed password for svc from 192.0.2.19 port 39852 ssh2
Oct 24 01:29:51 webserver-01 sshd[2022]: Failed password for guest from 198.51.100.23 port 31479 ssh2
Oct 24 01:31:21 webserver-01 sshd[2097]: Failed password for guest from 10.0.0.5 port 12941 ssh2
Oct 24 01:32:11 webserver-01 sshd[2066]: Failed password for webadmin from 203.0.113.45 port 19129 ssh2
Oct 24 01:33:22 webserver-01 sshd[2048]: Failed password for svc from 198.51.100.23 port 50711 ssh2
Oct 24 01:34:27 webserver-01 sshd[2165]: Accepted password for support from 172.16.0.9 port 7122 ssh2
Oct 24 01:35:09 webserver-01 sshd[2056]: Failed password for backup from 198.51.100.23 port 39136 ssh2
Oct 24 01:36:24 webserver-01 sshd[2135]: Failed password for user from 198.51.100.23 port 47086 ssh2
Oct 24 01:37:08 webserver-01 sshd[2064]: Failed password for backup from 198.51.100.23 port 49709 ssh2
Oct 24 01:37:36 webserver-01 sshd[2049]: Failed password for guest from 198.51.100.23 port 39663 ssh2
Oct 24 01:38:48 webserver-01 sshd[2152]: Failed password for root from 192.0.2.19 port 20438 ssh2
Oct 24 01:39:15 webserver-01 sshd[2077]: Failed password for user from 198.51.100.23 port 4006 ssh2
Oct 24 01:40:30 webserver-01 sshd[2074]: Accepted password for ubuntu from 192.0.2.19 port 50358 ssh2
Oct 24 01:41:37 webserver-01 sshd[2026]: pam_unix(sshd:auth): authentication failure; logname= uid=0 euid=0 tty=ssh ruser= rhost=192.0.2.19  user=webadmin
Oct 24 01:42:42 webserver-01 sshd[2122]: Failed password for test from 54.210.11.5 port 17570 ssh2
Oct 24 01:43:48 webserver-01 sshd[2029]: pam_unix(sshd:auth): authentication failure; logname= uid=0 euid=0 tty=ssh ruser= rhost=10.0.0.5  user=svc
Oct 24 01:44:02 webserver-01 sshd[2147]: Accepted password for root from 198.51.100.23 port 54183 ssh2
Oct 24 01:45:19 webserver-01 sshd[2077]: Failed password for backup from 198.51.100.23 port 51122 ssh2
Oct 24 01:46:40 webserver-01 sshd[2158]: Failed password for user from 198.51.100.23 port 60563 ssh2
Oct 24 01:48:00 webserver-01 sshd[2109]: Failed password for webadmin from 198.51.100.23 port 63945 ssh2
Oct 24 01:48:31 webserver-01 sshd[2160]: Failed password for root from 198.51.100.23 port 12415 ssh2
Oct 24 01:48:56 webserver-01 sshd[2000]: Failed password for webadmin from 198.51.100.23 port 3163 ssh2
Oct 24 01:49:37 webserver-01 sshd[2179]: pam_unix(sshd:auth): authentication failure; logname= uid=0 euid=0 tty=ssh ruser= rhost=54.210.11.5  user=root
Oct 24 01:50:11 webserver-01 sshd[2067]: pam_unix(sshd:auth): authentication failure; logname= uid=0 euid=0 tty=ssh ruser= rhost=54.210.11.5  user=webadmin
Oct 24 01:50:41 webserver-01 sshd[2108]: Failed password for backup from 203.0.113.45 port 60557 ssh2
Oct 24 01:51:04 webserver-01 sshd[2018]: Failed password for oracle from 203.0.113.45 port 55041 ssh2
Oct 24 01:51:45 webserver-01 sshd[2112]: Failed password for oracle from 203.0.113.45 port 62803 ssh2
Oct 24 01:52:59 webserver-01 sshd[2126]: Failed password for webadmin from 198.51.100.23 port 29337 ssh2
Oct 24 01:54:21 webserver-01 sshd[2064]: Failed password for backup from 54.210.11.5 port 55809 ssh2
Oct 24 01:55:41 webserver-01 sshd[2005]: Did not receive identification string from 172.16.0.9 port 3660
Oct 24 01:56:08 webserver-01 sshd[2120]: Failed password for guest from 172.16.0.9 port 12918 ssh2
Oct 24 01:57:08 webserver-01 sshd[2162]: pam_unix(sshd:auth): authentication failure; logname= uid=0 euid=0 tty=ssh ruser= rhost=10.0.0.5  user=root
Oct 24 01:57:57 webserver-01 sshd[2104]: Failed password for root from 10.0.0.5 port 22638 ssh2
Oct 24 01:59:05 webserver-01 sshd[2073]: Accepted password for test from 172.16.0.9 port 37075 ssh2
Oct 24 01:59:14 webserver-01 sshd[2116]: Failed password for oracle from 198.51.100.23 port 64606 ssh2
Oct 24 02:00:24 webserver-01 sshd[2000]: Accepted password for oracle from 203.0.113.45 port 4576 ssh2
Oct 24 02:00:53 webserver-01 sshd[2132]: Failed password for invalid user guest from 203.0.113.45 port 50830 ssh2
Oct 24 02:01:32 webserver-01 sshd[2140]: Failed password for oracle from 198.51.100.23 port 46784 ssh2
Oct 24 02:01:40 webserver-01 sshd[2161]: Accepted password for ec2-user from 10.0.0.5 port 21389 ssh2
Oct 24 02:02:55 webserver-01 sshd[2003]: Failed password for root from 198.51.100.23 port 56166 ssh2
Oct 24 02:03:59 webserver-01 sshd[2030]: Accepted password for ubuntu from 203.0.113.45 port 47987 ssh2
Oct 24 02:04:41 webserver-01 sshd[2130]: Accepted password for test from 54.210.11.5 port 65265 ssh2
Oct 24 02:05:46 webserver-01 sshd[2062]: Failed password for test from 198.51.100.23 port 61439 ssh2
Oct 24 02:06:08 webserver-01 sshd[2017]: Failed password for svc from 198.51.100.23 port 52647 ssh2
Oct 24 02:06:13 webserver-01 sshd[2072]: Accepted password for postgres from 203.0.113.45 port 44273 ssh2
Oct 24 02:07:20 webserver-01 sshd[2038]: Failed password for guest from 198.51.100.23 port 37194 ssh2
Oct 24 02:08:13 webserver-01 sshd[2116]: Connection closed by 54.210.11.5 port 16674 [preauth]
Oct 24 02:09:31 webserver-01 sshd[2098]: Failed password for svc from 198.51.100.23 port 49828 ssh2
Oct 24 02:10:24 webserver-01 sshd[2098]: Connection closed by 10.0.0.5 port 64254 [preauth]
Oct 24 02:10:33 webserver-01 sshd[2032]: Failed password for webadmin from 198.51.100.23 port 7601 ssh2
Oct 24 02:11:34 webserver-01 sshd[2025]: Failed password for guest from 198.51.100.23 port 10471 ssh2
Oct 24 02:13:02 webserver-01 sshd[2039]: Failed password for oracle from 198.51.100.23 port 46421 ssh2
Oct 24 02:13:17 webserver-01 sshd[2084]: pam_unix(sshd:auth): authentication failure; logname= uid=0 euid=0 tty=ssh ruser= rhost=10.0.0.5  user=user
Oct 24 02:14:02 webserver-01 sshd[2160]: Accepted password for deploy from 203.0.113.45 port 36480 ssh2
Oct 24 02:14:11 webserver-01 sshd[2158]: Failed password for invalid user oracle from 3.14.159.26 port 49964 ssh2
Oct 24 02:14:28 webserver-01 sshd[2194]: Accepted password for admin from 203.0.113.45 port 46506 ssh2
Oct 24 02:15:11 webserver-01 sshd[2007]: Failed password for admin from 198.51.100.23 port 25589 ssh2
Oct 24 02:15:47 webserver-01 sshd[2135]: Failed password for test from 198.51.100.23 port 6199 ssh2
Oct 24 02:16:40 webserver-01 sshd[2158]: Accepted password for support from 54.210.11.5 port 10403 ssh2
Oct 24 02:17:14 webserver-01 sshd[2118]: Accepted password for support from 198.51.100.23 port 1639 ssh2
Oct 24 02:18:18 webserver-01 sshd[2073]: Accepted password for ubuntu from 198.51.100.23 port 62970 ssh2
Oct 24 02:19:07 webserver-01 sshd[2150]: Failed password for svc from 203.0.113.45 port 30963 ssh2
Oct 24 02:19:37 webserver-01 sshd[2098]: pam_unix(sshd:auth): authentication failure; logname= uid=0 euid=0 tty=ssh ruser= rhost=203.0.113.45  user=root
Oct 24 02:20:30 webserver-01 sshd[2146]: Failed password for invalid user oracle from 3.14.159.26 port 20372 ssh2
Oct 24 02:21:59 webserver-01 sshd[2101]: Failed password for webadmin from 10.0.0.5 port 52031 ssh2
Oct 24 02:22:10 webserver-01 sshd[2155]: Accepted password for svc_backup from 172.16.0.9 port 16105 ssh2
Oct 24 02:23:32 webserver-01 sshd[2090]: Failed password for backup from 203.0.113.45 port 45441 ssh2
Oct 24 02:25:01 webserver-01 sshd[2174]: pam_unix(sshd:auth): authentication failure; logname= uid=0 euid=0 tty=ssh ruser= rhost=54.210.11.5  user=root
Oct 24 02:26:28 webserver-01 sshd[2010]: Failed password for guest from 198.51.100.23 port 24935 ssh2
Oct 24 02:26:44 webserver-01 sshd[2075]: Failed password for svc from 198.51.100.23 port 9685 ssh2
Oct 24 02:27:35 webserver-01 sshd[2135]: Failed password for oracle from 192.0.2.19 port 17864 ssh2
Oct 24 02:28:41 webserver-01 sshd[2075]: Accepted password for backup from 172.16.0.9 port 31716 ssh2
Oct 24 02:28:55 webserver-01 sshd[2036]: pam_unix(sshd:auth): authentication failure; logname= uid=0 euid=0 tty=ssh ruser= rhost=3.14.159.26  user=backup
Oct 24 02:29:50 webserver-01 sshd[2142]: Failed password for invalid user svc from 198.51.100.23 port 36188 ssh2
Oct 24 02:30:42 webserver-01 sshd[2172]: Accepted password for svc_backup from 192.0.2.19 port 54921 ssh2
Oct 24 02:32:08 webserver-01 sshd[2095]: Failed password for backup from 198.51.100.23 port 41626 ssh2
Oct 24 02:33:24 webserver-01 sshd[2083]: Connection closed by 54.210.11.5 port 5166 [preauth]
Oct 24 02:34:50 webserver-01 sshd[2118]: Did not receive identification string from 54.210.11.5 port 27782
Oct 24 02:35:09 webserver-01 sshd[2035]: Failed password for invalid user admin from 198.51.100.23 port 33308 ssh2
Oct 24 02:35:44 webserver-01 sshd[2137]: Failed password for guest from 198.51.100.23 port 63242 ssh2
Oct 24 02:36:58 webserver-01 sshd[2107]: Failed password for invalid user test from 10.0.0.5 port 43944 ssh2
Oct 24 02:38:05 webserver-01 sshd[2157]: Failed password for oracle from 198.51.100.23 port 25307 ssh2
Oct 24 02:39:06 webserver-01 sshd[2060]: pam_unix(sshd:auth): authentication failure; logname= uid=0 euid=0 tty=ssh ruser= rhost=54.210.11.5  user=root
Oct 24 02:39:58 webserver-01 sshd[2139]: Did not receive identification string from 198.51.100.23 port 27116
Oct 24 02:40:38 webserver-01 sshd[2048]: Received disconnect from 198.51.100.23 port 44459: 11: Bye Bye [preauth]
Oct 24 02:41:10 webserver-01 sshd[2164]: Accepted password for root from 198.51.100.23 port 22880 ssh2
Oct 24 02:41:46 webserver-01 sshd[2032]: pam_unix(sshd:auth): authentication failure; logname= uid=0 euid=0 tty=ssh ruser= rhost=198.51.100.23  user=backup
Oct 24 02:43:01 webserver-01 sshd[2053]: Failed password for backup from 198.51.100.23 port 10694 ssh2
Oct 24 02:44:22 webserver-01 sshd[2000]: Failed password for test from 3.14.159.26 port 36427 ssh2
Oct 24 02:44:49 webserver-01 sshd[2028]: Accepted password for root from 198.51.100.23 port 24501 ssh2
Oct 24 02:45:24 webserver-01 sshd[2150]: Failed password for test from 198.51.100.23 port 9331 ssh2
Oct 24 02:46:36 webserver-01 sshd[2029]: Accepted password for support from 203.0.113.45 port 24750 ssh2
Oct 24 02:47:46 webserver-01 sshd[2151]: Failed password for invalid user user from 198.51.100.23 port 41335 ssh2
Oct 24 02:49:15 webserver-01 sshd[2133]: Failed password for admin from 198.51.100.23 port 32414 ssh2
Oct 24 02:50:14 webserver-01 sshd[2175]: Failed password for guest from 198.51.100.23 port 6318 ssh2
Oct 24 02:50:37 webserver-01 sshd[2016]: Failed password for webadmin from 203.0.113.45 port 36961 ssh2
Oct 24 02:51:30 webserver-01 sshd[2152]: Failed password for invalid user guest from 203.0.113.45 port 29217 ssh2
Oct 24 02:51:49 webserver-01 sshd[2167]: Accepted password for deploy from 203.0.113.45 port 57744 ssh2
Oct 24 02:52:21 webserver-01 sshd[2110]: Failed password for backup from 198.51.100.23 port 55249 ssh2
Oct 24 02:53:19 webserver-01 sshd[2186]: Failed password for svc from 198.51.100.23 port 17728 ssh2
Oct 24 02:53:43 webserver-01 sshd[2175]: Invalid user root from 3.14.159.26
Oct 24 02:53:58 webserver-01 sshd[2023]: Failed password for invalid user postgres from 192.0.2.19 port 37486 ssh2
Oct 24 02:55:14 webserver-01 sshd[2143]: Failed password for root from 198.51.100.23 port 58276 ssh2
Oct 24 02:56:13 webserver-01 sshd[2184]: Failed password for invalid user oracle from 203.0.113.45 port 24069 ssh2
Oct 24 02:57:22 webserver-01 sshd[2054]: Failed password for guest from 198.51.100.23 port 8116 ssh2
Oct 24 02:58:38 webserver-01 sshd[2094]: Failed password for oracle from 203.0.113.45 port 53926 ssh2
Oct 24 02:59:54 webserver-01 sshd[2196]: pam_unix(sshd:auth): authentication failure; logname= uid=0 euid=0 tty=ssh ruser= rhost=54.210.11.5  user=webadmin
Oct 24 03:01:21 webserver-01 sshd[2142]: Failed password for oracle from 198.51.100.23 port 18933 ssh2
Oct 24 03:02:05 webserver-01 sshd[2086]: Failed password for test from 10.0.0.5 port 38138 ssh2
Oct 24 03:02:18 webserver-01 sshd[2036]: Accepted password for root from 198.51.100.23 port 35789 ssh2
Oct 24 03:02:50 webserver-01 sshd[2096]: Failed password for postgres from 198.51.100.23 port 21447 ssh2
Oct 24 03:04:07 webserver-01 sshd[2152]: Failed password for admin from 198.51.100.23 port 50466 ssh2
Oct 24 03:04:22 webserver-01 sshd[2069]: Failed password for svc from 198.51.100.23 port 29993 ssh2
Oct 24 03:04:54 webserver-01 sshd[2193]: Failed password for postgres from 198.51.100.23 port 19586 ssh2
Oct 24 03:06:14 webserver-01 sshd[2124]: Failed password for oracle from 198.51.100.23 port 26927 ssh2
Oct 24 03:06:26 webserver-01 sshd[2001]: Failed password for backup from 192.0.2.19 port 51104 ssh2
Oct 24 03:07:12 webserver-01 sshd[2030]: Failed password for svc from 198.51.100.23 port 25941 ssh2
Oct 24 03:07:46 webserver-01 sshd[2128]: Failed password for postgres from 198.51.100.23 port 57500 ssh2
Oct 24 03:08:46 webserver-01 sshd[2004]: Failed password for root from 10.0.0.5 port 38756 ssh2
Oct 24 03:09:42 webserver-01 sshd[2181]: Accepted password for svc_backup from 198.51.100.23 port 2390 ssh2
Oct 24 03:10:28 webserver-01 sshd[2043]: pam_unix(sshd:auth): authentication failure; logname= uid=0 euid=0 tty=ssh ruser= rhost=10.0.0.5  user=webadmin
Oct 24 03:11:19 webserver-01 sshd[2022]: Failed password for root from 198.51.100.23 port 39616 ssh2
Oct 24 03:11:34 webserver-01 sshd[2101]: pam_unix(sshd:auth): authentication failure; logname= uid=0 euid=0 tty=ssh ruser= rhost=203.0.113.45  user=postgres
Oct 24 03:12:21 webserver-01 sshd[2199]: Failed password for user from 203.0.113.45 port 35797 ssh2
Oct 24 03:13:10 webserver-01 sshd[2089]: Accepted password for www-data from 172.16.0.9 port 16508 ssh2
Oct 24 03:13:28 webserver-01 sshd[2037]: Failed password for test from 203.0.113.45 port 50845 ssh2
Oct 24 03:13:42 webserver-01 sshd[2045]: Received disconnect from 10.0.0.5 port 50467: 11: Bye Bye [preauth]
Oct 24 03:14:59 webserver-01 sshd[2194]: Failed password for webadmin from 203.0.113.45 port 41952 ssh2
Oct 24 03:16:24 webserver-01 sshd[2080]: Failed password for root from 198.51.100.23 port 42402 ssh2
Oct 24 03:17:04 webserver-01 sshd[2151]: Failed password for user from 198.51.100.23 port 31284 ssh2
Oct 24 03:17:16 webserver-01 sshd[2094]: pam_unix(sshd:auth): authentication failure; logname= uid=0 euid=0 tty=ssh ruser= rhost=54.210.11.5  user=root
Oct 24 03:17:32 webserver-01 sshd[2157]: Failed password for svc from 198.51.100.23 port 37351 ssh2
Oct 24 03:17:42 webserver-01 sshd[2115]: Connection closed by 192.0.2.19 port 40673 [preauth]
Oct 24 03:18:47 webserver-01 sshd[2128]: Failed password for admin from 198.51.100.23 port 54171 ssh2
Oct 24 03:19:35 webserver-01 sshd[2182]: Failed password for test from 198.51.100.23 port 47398 ssh2
Oct 24 03:20:36 webserver-01 sshd[2134]: Failed password for test from 198.51.100.23 port 61181 ssh2
Oct 24 03:21:33 webserver-01 sshd[2198]: Failed password for webadmin from 198.51.100.23 port 42369 ssh2
Oct 24 03:21:46 webserver-01 sshd[2084]: Failed password for svc from 198.51.100.23 port 48454 ssh2
Oct 24 03:23:08 webserver-01 sshd[2038]: Failed password for webadmin from 203.0.113.45 port 61103 ssh2
Oct 24 03:24:36 webserver-01 sshd[2178]: Accepted password for ubuntu from 192.0.2.19 port 62496 ssh2
Oct 24 03:24:51 webserver-01 sshd[2079]: Failed password for postgres from 192.0.2.19 port 44940 ssh2
Oct 24 03:26:03 webserver-01 sshd[2023]: Accepted password for test from 203.0.113.45 port 2218 ssh2
Oct 24 03:26:54 webserver-01 sshd[2079]: Failed password for backup from 198.51.100.23 port 51234 ssh2
Oct 24 03:27:27 webserver-01 sshd[2035]: Failed password for oracle from 192.0.2.19 port 7652 ssh2
Oct 24 03:28:41 webserver-01 sshd[2189]: Invalid user postgres from 3.14.159.26
Oct 24 03:30:05 webserver-01 sshd[2033]: Failed password for test from 198.51.100.23 port 55507 ssh2
Oct 24 03:31:29 webserver-01 sshd[2042]: Accepted password for root from 198.51.100.23 port 45350 ssh2
Oct 24 03:32:04 webserver-01 sshd[2113]: Accepted password for deploy from 10.0.0.5 port 30444 ssh2
Oct 24 03:32:38 webserver-01 sshd[2136]: Failed password for guest from 172.16.0.9 port 13739 ssh2
Oct 24 03:33:56 webserver-01 sshd[2112]: Failed password for oracle from 192.0.2.19 port 33982 ssh2
Oct 24 03:34:21 webserver-01 sshd[2051]: pam_unix(sshd:auth): authentication failure; logname= uid=0 euid=0 tty=ssh ruser= rhost=3.14.159.26  user=test
Oct 24 03:34:58 webserver-01 sshd[2013]: Accepted password for backup from 203.0.113.45 port 7747 ssh2
Oct 24 03:36:09 webserver-01 sshd[2031]: Failed password for test from 198.51.100.23 port 60354 ssh2
Oct 24 03:37:09 webserver-01 sshd[2023]: Connection closed by 3.14.159.26 port 30589 [preauth]
Oct 24 03:37:58 webserver-01 sshd[2006]: Failed password for svc from 203.0.113.45 port 16475 ssh2
Oct 24 03:38:13 webserver-01 sshd[2095]: Failed password for postgres from 54.210.11.5 port 56020 ssh2
Oct 24 03:39:00 webserver-01 sshd[2037]: Failed password for oracle from 172.16.0.9 port 31986 ssh2
Oct 24 03:39:22 webserver-01 sshd[2194]: Accepted password for support from 192.0.2.19 port 60390 ssh2
Oct 24 03:39:37 webserver-01 sshd[2004]: Failed password for test from 203.0.113.45 port 48684 ssh2
Oct 24 03:40:36 webserver-01 sshd[2028]: pam_unix(sshd:auth): authentication failure; logname= uid=0 euid=0 tty=ssh ruser= rhost=192.0.2.19  user=backup
Oct 24 03:40:56 webserver-01 sshd[2012]: Failed password for webadmin from 198.51.100.23 port 8289 ssh2
Oct 24 03:42:04 webserver-01 sshd[2152]: Failed password for invalid user user from 203.0.113.45 port 48114 ssh2
Oct 24 03:43:03 webserver-01 sshd[2000]: Accepted password for ec2-user from 203.0.113.45 port 13299 ssh2
Oct 24 03:44:33 webserver-01 sshd[2171]: Failed password for postgres from 198.51.100.23 port 35499 ssh2
Oct 24 03:45:42 webserver-01 sshd[2141]: Failed password for guest from 198.51.100.23 port 26378 ssh2
Oct 24 03:46:19 webserver-01 sshd[2191]: Failed password for root from 198.51.100.23 port 49058 ssh2
Oct 24 03:46:37 webserver-01 sshd[2197]: Failed password for postgres from 198.51.100.23 port 24112 ssh2
Oct 24 03:48:04 webserver-01 sshd[2044]: pam_unix(sshd:auth): authentication failure; logname= uid=0 euid=0 tty=ssh ruser= rhost=54.210.11.5  user=guest
Oct 24 03:49:10 webserver-01 sshd[2161]: Failed password for test from 198.51.100.23 port 51892 ssh2
Oct 24 03:49:19 webserver-01 sshd[2075]: Failed password for backup from 10.0.0.5 port 21706 ssh2
Oct 24 03:50:29 webserver-01 sshd[2101]: Received disconnect from 192.0.2.19 port 3423: 11: Bye Bye [preauth]
Oct 24 03:51:56 webserver-01 sshd[2048]: Failed password for admin from 10.0.0.5 port 22777 ssh2
Oct 24 03:52:48 webserver-01 sshd[2111]: Received disconnect from 10.0.0.5 port 23243: 11: Bye Bye [preauth]
Oct 24 03:53:16 webserver-01 sshd[2127]: Accepted password for backup from 3.14.159.26 port 35055 ssh2
Oct 24 03:53:55 webserver-01 sshd[2021]: Accepted password for admin from 203.0.113.45 port 54916 ssh2
Oct 24 03:54:23 webserver-01 sshd[2139]: Failed password for root from 198.51.100.23 port 44338 ssh2
Oct 24 03:55:25 webserver-01 sshd[2154]: Accepted password for ubuntu from 10.0.0.5 port 24062 ssh2
Oct 24 03:56:27 webserver-01 sshd[2010]: Accepted password for backup from 192.0.2.19 port 29528 ssh2
Oct 24 03:57:07 webserver-01 sshd[2163]: Invalid user root from 54.210.11.5
Oct 24 03:58:33 webserver-01 sshd[2103]: Failed password for test from 54.210.11.5 port 10381 ssh2
Oct 24 03:59:34 webserver-01 sshd[2008]: Failed password for backup from 192.0.2.19 port 25031 ssh2
Oct 24 04:00:51 webserver-01 sshd[2008]: Accepted password for www-data from 203.0.113.45 port 25335 ssh2
Oct 24 04:01:43 webserver-01 sshd[2113]: pam_unix(sshd:auth): authentication failure; logname= uid=0 euid=0 tty=ssh ruser= rhost=203.0.113.45  user=webadmin
Oct 24 04:02:55 webserver-01 sshd[2093]: Failed password for invalid user oracle from 198.51.100.23 port 8458 ssh2
Oct 24 04:03:23 webserver-01 sshd[2127]: Failed password for user from 198.51.100.23 port 51812 ssh2
Oct 24 04:04:25 webserver-01 sshd[2054]: Did not receive identification string from 54.210.11.5 port 61086
Oct 24 04:05:32 webserver-01 sshd[2051]: Failed password for root from 198.51.100.23 port 59919 ssh2
Oct 24 04:05:48 webserver-01 sshd[2174]: Did not receive identification string from 54.210.11.5 port 23792
Oct 24 04:06:01 webserver-01 sshd[2140]: Failed password for oracle from 10.0.0.5 port 47673 ssh2
Oct 24 04:07:27 webserver-01 sshd[2044]: pam_unix(sshd:auth): authentication failure; logname= uid=0 euid=0 tty=ssh ruser= rhost=203.0.113.45  user=user
Oct 24 04:07:47 webserver-01 sshd[2051]: pam_unix(sshd:auth): authentication failure; logname= uid=0 euid=0 tty=ssh ruser= rhost=3.14.159.26  user=backup
Oct 24 04:08:55 webserver-01 sshd[2006]: Failed password for webadmin from 198.51.100.23 port 53692 ssh2
Oct 24 04:09:16 webserver-01 sshd[2156]: Invalid user oracle from 10.0.0.5
Oct 24 04:10:22 webserver-01 sshd[2134]: Failed password for invalid user svc from 192.0.2.19 port 5857 ssh2
Oct 24 04:11:07 webserver-01 sshd[2164]: Failed password for invalid user guest from 203.0.113.45 port 23602 ssh2
Oct 24 04:12:22 webserver-01 sshd[2163]: Failed password for test from 198.51.100.23 port 60708 ssh2
Oct 24 04:12:42 webserver-01 sshd[2132]: Failed password for test from 198.51.100.23 port 62282 ssh2
Oct 24 04:13:31 webserver-01 sshd[2132]: Invalid user oracle from 203.0.113.45
Oct 24 04:14:57 webserver-01 sshd[2141]: Failed password for oracle from 203.0.113.45 port 7146 ssh2
Oct 24 04:15:23 webserver-01 sshd[2151]: Connection closed by 203.0.113.45 port 44194 [preauth]
Oct 24 04:16:47 webserver-01 sshd[2184]: Did not receive identification string from 3.14.159.26 port 61574
Oct 24 04:18:04 webserver-01 sshd[2010]: pam_unix(sshd:auth): authentication failure; logname= uid=0 euid=0 tty=ssh ruser= rhost=198.51.100.23  user=admin
Oct 24 04:18:14 webserver-01 sshd[2164]: pam_unix(sshd:auth): authentication failure; logname= uid=0 euid=0 tty=ssh ruser= rhost=54.210.11.5  user=oracle
Oct 24 04:18:45 webserver-01 sshd[2196]: Failed password for webadmin from 203.0.113.45 port 33663 ssh2
Oct 24 04:19:59 webserver-01 sshd[2074]: Accepted password for svc_backup from 203.0.113.45 port 53760 ssh2
Oct 24 04:20:55 webserver-01 sshd[2076]: Failed password for admin from 198.51.100.23 port 28262 ssh2
Oct 24 04:21:26 webserver-01 sshd[2087]: Accepted password for backup from 54.210.11.5 port 21950 ssh2
Oct 24 04:22:15 webserver-01 sshd[2102]: Failed password for postgres from 203.0.113.45 port 7982 ssh2
Oct 24 04:23:19 webserver-01 sshd[2031]: Failed password for backup from 198.51.100.23 port 4340 ssh2
Oct 24 04:24:13 webserver-01 sshd[2157]: Failed password for test from 192.0.2.19 port 62218 ssh2
Oct 24 04:24:58 webserver-01 sshd[2048]: pam_unix(sshd:auth): authentication failure; logname= uid=0 euid=0 tty=ssh ruser= rhost=172.16.0.9  user=guest
Oct 24 04:26:02 webserver-01 sshd[2127]: pam_unix(sshd:auth): authentication failure; logname= uid=0 euid=0 tty=ssh ruser= rhost=198.51.100.23  user=guest
Oct 24 04:26:18 webserver-01 sshd[2100]: Failed password for invalid user backup from 198.51.100.23 port 24151 ssh2
Oct 24 04:26:59 webserver-01 sshd[2126]: Failed password for guest from 198.51.100.23 port 1559 ssh2
Oct 24 04:27:59 webserver-01 sshd[2034]: Did not receive identification string from 3.14.159.26 port 27451
Oct 24 04:28:50 webserver-01 sshd[2011]: Failed password for webadmin from 203.0.113.45 port 24782 ssh2
Oct 24 04:29:04 webserver-01 sshd[2098]: Failed password for user from 198.51.100.23 port 41868 ssh2
Oct 24 04:29:24 webserver-01 sshd[2032]: Received disconnect from 192.0.2.19 port 53118: 11: Bye Bye [preauth]
Oct 24 04:30:12 webserver-01 sshd[2142]: Connection closed by 203.0.113.45 port 40507 [preauth]
Oct 24 04:31:22 webserver-01 sshd[2102]: Failed password for admin from 198.51.100.23 port 47789 ssh2
Oct 24 04:32:27 webserver-01 sshd[2132]: Failed password for webadmin from 10.0.0.5 port 10184 ssh2
Oct 24 04:33:50 webserver-01 sshd[2081]: Failed password for webadmin from 203.0.113.45 port 20634 ssh2
Oct 24 04:34:59 webserver-01 sshd[2130]: Failed password for invalid user webadmin from 198.51.100.23 port 54484 ssh2
Oct 24 04:35:46 webserver-01 sshd[2172]: Failed password for svc from 203.0.113.45 port 53240 ssh2
Oct 24 04:37:11 webserver-01 sshd[2006]: Failed password for oracle from 54.210.11.5 port 52332 ssh2
Oct 24 04:38:30 webserver-01 sshd[2147]: Failed password for admin from 203.0.113.45 port 12198 ssh2
Oct 24 04:39:54 webserver-01 sshd[2198]: pam_unix(sshd:auth): authentication failure; logname= uid=0 euid=0 tty=ssh ruser= rhost=3.14.159.26  user=test
Oct 24 04:40:30 webserver-01 sshd[2008]: Failed password for root from 198.51.100.23 port 29927 ssh2
Oct 24 04:40:54 webserver-01 sshd[2105]: Accepted password for test from 203.0.113.45 port 41097 ssh2
Oct 24 04:41:59 webserver-01 sshd[2188]: Accepted password for git from 198.51.100.23 port 14612 ssh2
Oct 24 04:43:15 webserver-01 sshd[2083]: Received disconnect from 172.16.0.9 port 25719: 11: Bye Bye [preauth]
Oct 24 04:44:00 webserver-01 sshd[2044]: Failed password for user from 198.51.100.23 port 24242 ssh2
Oct 24 04:45:27 webserver-01 sshd[2177]: Failed password for guest from 198.51.100.23 port 17179 ssh2
Oct 24 04:46:10 webserver-01 sshd[2057]: Did not receive identification string from 3.14.159.26 port 19964
Oct 24 04:46:41 webserver-01 sshd[2176]: Accepted password for backup from 203.0.113.45 port 37756 ssh2
Oct 24 04:47:21 webserver-01 sshd[2073]: Failed password for user from 198.51.100.23 port 65259 ssh2
Oct 24 04:48:10 webserver-01 sshd[2197]: pam_unix(sshd:auth): authentication failure; logname= uid=0 euid=0 tty=ssh ruser= rhost=198.51.100.23  user=oracle
Oct 24 04:48:51 webserver-01 sshd[2182]: Failed password for guest from 203.0.113.45 port 50001 ssh2
Oct 24 04:49:21 webserver-01 sshd[2137]: Failed password for invalid user user from 203.0.113.45 port 10020 ssh2
Oct 24 04:50:41 webserver-01 sshd[2061]: Failed password for invalid user user from 198.51.100.23 port 16283 ssh2
Oct 24 04:51:38 webserver-01 sshd[2084]: Accepted password for admin from 10.0.0.5 port 10033 ssh2
Oct 24 04:51:43 webserver-01 sshd[2140]: Connection closed by 10.0.0.5 port 43811 [preauth]
Oct 24 04:52:48 webserver-01 sshd[2122]: Accepted password for deploy from 3.14.159.26 port 22072 ssh2
Oct 24 04:53:29 webserver-01 sshd[2165]: Failed password for root from 203.0.113.45 port 16242 ssh2
Oct 24 04:53:38 webserver-01 sshd[2044]: Failed password for test from 54.210.11.5 port 3405 ssh2
Oct 24 04:54:33 webserver-01 sshd[2126]: Failed password for oracle from 10.0.0.5 port 1631 ssh2
Oct 24 04:55:55 webserver-01 sshd[2027]: Did not receive identification string from 192.0.2.19 port 30800
Oct 24 04:57:22 webserver-01 sshd[2139]: Failed password for test from 10.0.0.5 port 31696 ssh2
Oct 24 04:57:41 webserver-01 sshd[2084]: Failed password for invalid user guest from 203.0.113.45 port 48118 ssh2
Oct 24 04:58:29 webserver-01 sshd[2075]: Failed password for backup from 198.51.100.23 port 57132 ssh2
Oct 24 04:59:25 webserver-01 sshd[2109]: Failed password for invalid user root from 198.51.100.23 port 7275 ssh2
Oct 24 04:59:47 webserver-01 sshd[2122]: Failed password for backup from 198.51.100.23 port 26161 ssh2
Oct 24 05:00:26 webserver-01 sshd[2084]: Failed password for webadmin from 198.51.100.23 port 43863 ssh2
Oct 24 05:01:01 webserver-01 sshd[2015]: Accepted password for support from 198.51.100.23 port 27593 ssh2
Oct 24 05:02:10 webserver-01 sshd[2180]: pam_unix(sshd:auth): authentication failure; logname= uid=0 euid=0 tty=ssh ruser= rhost=54.210.11.5  user=root
Oct 24 05:02:52 webserver-01 sshd[2094]: Accepted password for ec2-user from 3.14.159.26 port 32362 ssh2
Oct 24 05:03:16 webserver-01 sshd[2116]: Accepted password for postgres from 198.51.100.23 port 47026 ssh2
Oct 24 05:04:31 webserver-01 sshd[2120]: pam_unix(sshd:auth): authentication failure; logname= uid=0 euid=0 tty=ssh ruser= rhost=3.14.159.26  user=backup
Oct 24 05:05:07 webserver-01 sshd[2174]: pam_unix(sshd:auth): authentication failure; logname= uid=0 euid=0 tty=ssh ruser= rhost=172.16.0.9  user=root
Oct 24 05:06:09 webserver-01 sshd[2135]: Accepted password for admin from 3.14.159.26 port 8377 ssh2
Oct 24 05:06:21 webserver-01 sshd[2140]: Connection closed by 172.16.0.9 port 36194 [preauth]
Oct 24 05:06:45 webserver-01 sshd[2042]: Failed password for user from 198.51.100.23 port 45607 ssh2
Oct 24 05:08:04 webserver-01 sshd[2125]: Failed password for user from 198.51.100.23 port 4670 ssh2
Oct 24 05:09:14 webserver-01 sshd[2106]: Failed password for admin from 203.0.113.45 port 45114 ssh2
Oct 24 05:09:21 webserver-01 sshd[2101]: Failed password for invalid user admin from 203.0.113.45 port 38924 ssh2
Oct 24 05:10:20 webserver-01 sshd[2088]: Accepted password for oracle from 3.14.159.26 port 62272 ssh2
Oct 24 05:10:33 webserver-01 sshd[2120]: Failed password for svc from 198.51.100.23 port 9899 ssh2
Oct 24 05:12:00 webserver-01 sshd[2107]: Failed password for svc from 198.51.100.23 port 61128 ssh2
Oct 24 05:12:53 webserver-01 sshd[2020]: Accepted password for www-data from 54.210.11.5 port 9739 ssh2
Oct 24 05:14:21 webserver-01 sshd[2089]: Failed password for user from 198.51.100.23 port 9369 ssh2
Oct 24 05:14:54 webserver-01 sshd[2000]: pam_unix(sshd:auth): authentication failure; logname= uid=0 euid=0 tty=ssh ruser= rhost=10.0.0.5  user=oracle
Oct 24 05:16:08 webserver-01 sshd[2108]: Failed password for invalid user backup from 198.51.100.23 port 23709 ssh2
Oct 24 05:16:37 webserver-01 sshd[2185]: pam_unix(sshd:auth): authentication failure; logname= uid=0 euid=0 tty=ssh ruser= rhost=3.14.159.26  user=admin
Oct 24 05:18:06 webserver-01 sshd[2107]: Accepted password for root from 198.51.100.23 port 5433 ssh2
Oct 24 05:18:23 webserver-01 sshd[2152]: Failed password for invalid user webadmin from 203.0.113.45 port 58185 ssh2
Oct 24 05:18:33 webserver-01 sshd[2102]: Failed password for user from 198.51.100.23 port 57629 ssh2
Oct 24 05:18:55 webserver-01 sshd[2128]: Connection closed by 3.14.159.26 port 61080 [preauth]
Oct 24 05:20:13 webserver-01 sshd[2081]: Failed password for invalid user postgres from 198.51.100.23 port 58450 ssh2
Oct 24 05:21:42 webserver-01 sshd[2133]: Failed password for oracle from 198.51.100.23 port 37509 ssh2
Oct 24 05:22:09 webserver-01 sshd[2160]: Accepted password for oracle from 203.0.113.45 port 64744 ssh2
Oct 24 05:22:58 webserver-01 sshd[2164]: Accepted password for deploy from 203.0.113.45 port 46657 ssh2
Oct 24 05:23:56 webserver-01 sshd[2104]: Failed password for svc from 198.51.100.23 port 36277 ssh2
Oct 24 05:24:29 webserver-01 sshd[2076]: pam_unix(sshd:auth): authentication failure; logname= uid=0 euid=0 tty=ssh ruser= rhost=3.14.159.26  user=test
Oct 24 05:25:33 webserver-01 sshd[2014]: Failed password for svc from 203.0.113.45 port 9811 ssh2
Oct 24 05:26:10 webserver-01 sshd[2052]: Failed password for root from 172.16.0.9 port 56541 ssh2
Oct 24 05:27:23 webserver-01 sshd[2185]: pam_unix(sshd:auth): authentication failure; logname= uid=0 euid=0 tty=ssh ruser= rhost=192.0.2.19  user=admin
Oct 24 05:28:16 webserver-01 sshd[2172]: Accepted password for root from 54.210.11.5 port 13355 ssh2
Oct 24 05:29:36 webserver-01 sshd[2185]: Accepted password for ec2-user from 203.0.113.45 port 58005 ssh2
Oct 24 05:30:23 webserver-01 sshd[2077]: Invalid user backup from 203.0.113.45
Oct 24 05:30:43 webserver-01 sshd[2191]: Received disconnect from 203.0.113.45 port 46612: 11: Bye Bye [preauth]
Oct 24 05:32:05 webserver-01 sshd[2180]: Failed password for backup from 203.0.113.45 port 51848 ssh2
Oct 24 05:33:09 webserver-01 sshd[2136]: Accepted password for svc_backup from 198.51.100.23 port 34631 ssh2
Oct 24 05:34:17 webserver-01 sshd[2119]: Failed password for guest from 192.0.2.19 port 22010 ssh2
Oct 24 05:35:09 webserver-01 sshd[2080]: Failed password for invalid user webadmin from 10.0.0.5 port 49602 ssh2
Oct 24 05:35:47 webserver-01 sshd[2141]: Received disconnect from 192.0.2.19 port 11012: 11: Bye Bye [preauth]
Oct 24 05:36:17 webserver-01 sshd[2084]: Failed password for webadmin from 192.0.2.19 port 33746 ssh2
Oct 24 05:37:05 webserver-01 sshd[2065]: pam_unix(sshd:auth): authentication failure; logname= uid=0 euid=0 tty=ssh ruser= rhost=54.210.11.5  user=guest
Oct 24 05:38:32 webserver-01 sshd[2189]: Failed password for invalid user test from 203.0.113.45 port 24104 ssh2
Oct 24 05:39:46 webserver-01 sshd[2125]: Failed password for invalid user user from 3.14.159.26 port 63757 ssh2
Oct 24 05:39:55 webserver-01 sshd[2019]: Invalid user admin from 10.0.0.5
Oct 24 05:40:17 webserver-01 sshd[2161]: Failed password for test from 198.51.100.23 port 34167 ssh2
Oct 24 05:40:29 webserver-01 sshd[2158]: Accepted password for postgres from 54.210.11.5 port 44230 ssh2
Oct 24 05:41:36 webserver-01 sshd[2004]: Failed password for user from 198.51.100.23 port 2120 ssh2
Oct 24 05:42:16 webserver-01 sshd[2137]: Invalid user user from 3.14.159.26
Oct 24 05:43:16 webserver-01 sshd[2045]: Failed password for invalid user root from 203.0.113.45 port 16816 ssh2
Oct 24 05:44:28 webserver-01 sshd[2064]: pam_unix(sshd:auth): authentication failure; logname= uid=0 euid=0 tty=ssh ruser= rhost=3.14.159.26  user=oracle
Oct 24 05:45:23 webserver-01 sshd[2020]: Failed password for svc from 198.51.100.23 port 16962 ssh2
Oct 24 05:45:56 webserver-01 sshd[2076]: Accepted password for admin from 192.0.2.19 port 57268 ssh2
Oct 24 05:47:24 webserver-01 sshd[2194]: Failed password for svc from 198.51.100.23 port 37245 ssh2
Oct 24 05:48:50 webserver-01 sshd[2002]: Accepted password for admin from 203.0.113.45 port 29460 ssh2
Oct 24 05:50:17 webserver-01 sshd[2200]: Failed password for invalid user root from 10.0.0.5 port 61261 ssh2
Oct 24 05:50:49 webserver-01 sshd[2177]: Received disconnect from 192.0.2.19 port 4075: 11: Bye Bye [preauth]
Oct 24 05:51:03 webserver-01 sshd[2175]: Invalid user test from 3.14.159.26
Oct 24 05:51:48 webserver-01 sshd[2004]: Connection closed by 3.14.159.26 port 54808 [preauth]
Oct 24 05:52:43 webserver-01 sshd[2019]: Failed password for webadmin from 198.51.100.23 port 55723 ssh2
Oct 24 05:53:57 webserver-01 sshd[2084]: Failed password for test from 192.0.2.19 port 46198 ssh2
Oct 24 05:55:06 webserver-01 sshd[2190]: Invalid user root from 10.0.0.5
Oct 24 05:55:40 webserver-01 sshd[2019]: Failed password for webadmin from 54.210.11.5 port 27022 ssh2
Oct 24 05:56:26 webserver-01 sshd[2007]: Accepted password for deploy from 3.14.159.26 port 33176 ssh2
Oct 24 05:57:00 webserver-01 sshd[2091]: Failed password for svc from 198.51.100.23 port 45568 ssh2
Oct 24 05:57:53 webserver-01 sshd[2021]: pam_unix(sshd:auth): authentication failure; logname= uid=0 euid=0 tty=ssh ruser= rhost=3.14.159.26  user=oracle
Oct 24 05:58:29 webserver-01 sshd[2182]: Failed password for oracle from 198.51.100.23 port 47664 ssh2
Oct 24 05:58:53 webserver-01 sshd[2189]: Failed password for postgres from 198.51.100.23 port 1364 ssh2
Oct 24 05:59:54 webserver-01 sshd[2092]: pam_unix(sshd:auth): authentication failure; logname= uid=0 euid=0 tty=ssh ruser= rhost=203.0.113.45  user=root
Oct 24 06:00:10 webserver-01 sshd[2047]: Failed password for invalid user user from 203.0.113.45 port 27765 ssh2
Oct 24 06:00:26 webserver-01 sshd[2090]: Failed password for webadmin from 203.0.113.45 port 22285 ssh2
Oct 24 06:00:32 webserver-01 sshd[2074]: Failed password for root from 203.0.113.45 port 37693 ssh2
Oct 24 06:01:08 webserver-01 sshd[2146]: Failed password for svc from 198.51.100.23 port 18647 ssh2
Oct 24 06:02:16 webserver-01 sshd[2037]: Failed password for svc from 198.51.100.23 port 20668 ssh2
Oct 24 06:02:30 webserver-01 sshd[2092]: Failed password for backup from 203.0.113.45 port 33516 ssh2
Oct 24 06:03:00 webserver-01 sshd[2117]: Failed password for oracle from 198.51.100.23 port 26956 ssh2
Oct 24 06:04:24 webserver-01 sshd[2097]: pam_unix(sshd:auth): authentication failure; logname= uid=0 euid=0 tty=ssh ruser= rhost=10.0.0.5  user=postgres
Oct 24 06:05:11 webserver-01 sshd[2110]: pam_unix(sshd:auth): authentication failure; logname= uid=0 euid=0 tty=ssh ruser= rhost=203.0.113.45  user=webadmin
Oct 24 06:05:54 webserver-01 sshd[2082]: Accepted password for git from 198.51.100.23 port 21614 ssh2
Oct 24 06:06:21 webserver-01 sshd[2101]: Did not receive identification string from 54.210.11.5 port 46568
Oct 24 06:07:47 webserver-01 sshd[2125]: Connection closed by 192.0.2.19 port 25669 [preauth]
Oct 24 06:08:27 webserver-01 sshd[2100]: Failed password for invalid user webadmin from 198.51.100.23 port 36782 ssh2
Oct 24 06:09:42 webserver-01 sshd[2006]: Received disconnect from 54.210.11.5 port 14763: 11: Bye Bye [preauth]
Oct 24 06:10:43 webserver-01 sshd[2074]: pam_unix(sshd:auth): authentication failure; logname= uid=0 euid=0 tty=ssh ruser= rhost=3.14.159.26  user=root
Oct 24 06:11:40 webserver-01 sshd[2172]: Failed password for invalid user oracle from 198.51.100.23 port 44190 ssh2
Oct 24 06:12:39 webserver-01 sshd[2096]: Failed password for webadmin from 198.51.100.23 port 27291 ssh2
Oct 24 06:13:37 webserver-01 sshd[2139]: Failed password for postgres from 203.0.113.45 port 54258 ssh2
Oct 24 06:15:03 webserver-01 sshd[2021]: Failed password for invalid user backup from 203.0.113.45 port 24289 ssh2
Oct 24 06:16:26 webserver-01 sshd[2011]: Failed password for svc from 54.210.11.5 port 22755 ssh2
Oct 24 06:17:26 webserver-01 sshd[2027]: Failed password for oracle from 198.51.100.23 port 49969 ssh2
Oct 24 06:18:45 webserver-01 sshd[2176]: Failed password for guest from 198.51.100.23 port 31371 ssh2
Oct 24 06:20:05 webserver-01 sshd[2176]: Failed password for invalid user postgres from 3.14.159.26 port 32662 ssh2
Oct 24 06:21:03 webserver-01 sshd[2021]: Failed password for test from 198.51.100.23 port 23507 ssh2
Oct 24 06:21:34 webserver-01 sshd[2133]: Failed password for guest from 198.51.100.23 port 48340 ssh2
Oct 24 06:22:19 webserver-01 sshd[2017]: Failed password for root from 198.51.100.23 port 23507 ssh2
Oct 24 06:22:45 webserver-01 sshd[2189]: Failed password for test from 203.0.113.45 port 22715 ssh2
